Archive member included because of file (symbol)

c:/skuksenk/tools/embitz_042/share/em_armgcc/bin/../lib/gcc/arm-none-eabi/4.8.4/armv7-m\libgcc.a(_arm_addsubdf3.o)
                              obj\release\src\adc.o (__aeabi_dadd)
c:/skuksenk/tools/embitz_042/share/em_armgcc/bin/../lib/gcc/arm-none-eabi/4.8.4/armv7-m\libgcc.a(_arm_muldivdf3.o)
                              obj\release\src\adc.o (__aeabi_dmul)
c:/skuksenk/tools/embitz_042/share/em_armgcc/bin/../lib/gcc/arm-none-eabi/4.8.4/armv7-m\libgcc.a(_arm_fixdfsi.o)
                              obj\release\src\adc.o (__aeabi_d2iz)
c:/skuksenk/tools/embitz_042/share/em_armgcc/bin/../lib/gcc/arm-none-eabi/4.8.4/armv7-m\libgcc.a(_arm_addsubsf3.o)
                              obj\release\src\adc.o (__aeabi_i2f)
c:/skuksenk/tools/embitz_042/share/em_armgcc/bin/../lib/gcc/arm-none-eabi/4.8.4/armv7-m\libgcc.a(_arm_muldivsf3.o)
                              obj\release\src\adc.o (__aeabi_fdiv)
c:/skuksenk/tools/embitz_042/share/em_armgcc/bin/../lib/gcc/arm-none-eabi/4.8.4/armv7-m\libgcc.a(_arm_fixsfsi.o)
                              obj\release\src\adc.o (__aeabi_f2iz)
c:/skuksenk/tools/embitz_042/share/em_armgcc/bin/../lib/gcc/arm-none-eabi/4.8.4/../../../../arm-none-eabi/lib/armv7-m\libg.a(lib_a-atoi.o)
                              obj\release\~#\mylibs\mylib.o (atoi)
c:/skuksenk/tools/embitz_042/share/em_armgcc/bin/../lib/gcc/arm-none-eabi/4.8.4/../../../../arm-none-eabi/lib/armv7-m\libg.a(lib_a-memcpy.o)
                              obj\release\~#\lib\freertosv8.2.3\freertos\source\queue.o (memcpy)
c:/skuksenk/tools/embitz_042/share/em_armgcc/bin/../lib/gcc/arm-none-eabi/4.8.4/../../../../arm-none-eabi/lib/armv7-m\libg.a(lib_a-memset.o)
                              obj\release\~#\lib\freertosv8.2.3\freertos\source\tasks.o (memset)
c:/skuksenk/tools/embitz_042/share/em_armgcc/bin/../lib/gcc/arm-none-eabi/4.8.4/../../../../arm-none-eabi/lib/armv7-m\libg.a(lib_a-strlen.o)
                              obj\release\~#\mylibs\mylib.o (strlen)
c:/skuksenk/tools/embitz_042/share/em_armgcc/bin/../lib/gcc/arm-none-eabi/4.8.4/../../../../arm-none-eabi/lib/armv7-m\libg.a(lib_a-strtol.o)
                              c:/skuksenk/tools/embitz_042/share/em_armgcc/bin/../lib/gcc/arm-none-eabi/4.8.4/../../../../arm-none-eabi/lib/armv7-m\libg.a(lib_a-atoi.o) (_strtol_r)
c:/skuksenk/tools/embitz_042/share/em_armgcc/bin/../lib/gcc/arm-none-eabi/4.8.4/../../../../arm-none-eabi/lib/armv7-m\libg.a(lib_a-ctype_.o)
                              c:/skuksenk/tools/embitz_042/share/em_armgcc/bin/../lib/gcc/arm-none-eabi/4.8.4/../../../../arm-none-eabi/lib/armv7-m\libg.a(lib_a-strtol.o) (__ctype_ptr__)
c:/skuksenk/tools/embitz_042/share/em_armgcc/bin/../lib/gcc/arm-none-eabi/4.8.4/../../../../arm-none-eabi/lib/armv7-m\libg.a(lib_a-impure.o)
                              c:/skuksenk/tools/embitz_042/share/em_armgcc/bin/../lib/gcc/arm-none-eabi/4.8.4/../../../../arm-none-eabi/lib/armv7-m\libg.a(lib_a-strtol.o) (_impure_ptr)

Allocating common symbols
Common symbol       size              file

event_queue         0x4               obj\release\gui\src\gui.o
ResetPin            0x8               obj\release\src\lcd.o
hUsbDeviceFS        0x224             obj\release\src\usb_device.o
gamePadReport       0x12              obj\release\src\usb_device.o
hpcd_USB_OTG_FS     0x3a8             obj\release\src\usbd_conf.o
pFlash              0x20              obj\release\hal\src\stm32f1xx_hal_flash.o
ADC_data_calibrated
                    0x30              obj\release\src\adc.o
adc_queue           0x4               obj\release\src\adc.o
SaveParametersAddr  0x4               obj\release\src\main.o
ADC_Params          0x4               obj\release\src\adc.o
stri                0x4               obj\release\gui\src\buttons_mapping.o
Buttons             0x4               obj\release\src\buttons.o
CurrentFormProc     0x4               obj\release\gui\src\gui.o
adc_buffer          0x28              obj\release\src\adc.o
ADC_data            0x30              obj\release\src\adc.o
Parameters          0xf8              obj\release\src\main.o
str                 0x17              obj\release\gui\src\buttons_mapping.o
SPI_DMA_TX_Buffer   0x12              obj\release\src\lcd.o
USBD_StrDesc        0x200             obj\release\src\usbd_desc.o
len                 0x4               obj\release\gui\src\buttons_mapping.o

Discarded input sections

 .text          0x00000000        0x0 obj\release\~#\lib\freertosv8.2.3\freertos\source\list.o
 .data          0x00000000        0x0 obj\release\~#\lib\freertosv8.2.3\freertos\source\list.o
 .bss           0x00000000        0x0 obj\release\~#\lib\freertosv8.2.3\freertos\source\list.o
 .text          0x00000000        0x0 obj\release\~#\lib\freertosv8.2.3\freertos\source\portable\gcc\arm_cm3\port.o
 .data          0x00000000        0x0 obj\release\~#\lib\freertosv8.2.3\freertos\source\portable\gcc\arm_cm3\port.o
[...]
Memory Configuration

Name             Origin             Length             Attributes
FLASH            0x08000000         0x00020000         xr
RAM              0x20000000         0x00010000         xrw
*default*        0x00000000         0xffffffff

Linker script and memory map

                0x00000000                __HEAP_SIZE = 0x0
                0x00000100                __STACK_SIZE = 0x100
                0x20010000                _estack = 0x20010000
                0x00000000                _Min_Heap_Size = 0x0
                0x00000400                _Min_Stack_Size = 0x400

.isr_vector     0x08000000      0x1e4
                0x08000000                . = ALIGN (0x4)
 *(.isr_vector)
 .isr_vector    0x08000000      0x1e4 obj\release\src\startup_stm32f105xc.o
                0x08000000                g_pfnVectors
                0x080001e4                . = ALIGN (0x4)

.text           0x080001e8     0x7cd0
                0x080001e8                . = ALIGN (0x4)
 *(.text)
 .text          0x080001e8      0x370 c:/skuksenk/tools/embitz_042/share/em_armgcc/bin/../lib/gcc/arm-none-eabi/4.8.4/armv7-m\libgcc.a(_arm_addsubdf3.o)
                0x080001e8                __aeabi_drsub
                0x080001f0                __aeabi_dsub
                0x080001f0                __subdf3
                0x080001f4                __aeabi_dadd
                0x080001f4                __adddf3
                0x0800046c                __floatunsidf
                0x0800046c                __aeabi_ui2d
                0x0800048c                __floatsidf
                0x0800048c                __aeabi_i2d
                0x080004b0                __aeabi_f2d
                0x080004b0                __extendsfdf2
                0x080004ec                __floatundidf
                0x080004ec                __aeabi_ul2d
                0x080004fc                __floatdidf
                0x080004fc                __aeabi_l2d
 .text          0x08000558      0x424 c:/skuksenk/tools/embitz_042/share/em_armgcc/bin/../lib/gcc/arm-none-eabi/4.8.4/armv7-m\libgcc.a(_arm_muldivdf3.o)
                0x08000558                __aeabi_dmul
                0x08000558                __muldf3
                0x080007ac                __divdf3
                0x080007ac                __aeabi_ddiv
 .text          0x0800097c       0x50 c:/skuksenk/tools/embitz_042/share/em_armgcc/bin/../lib/gcc/arm-none-eabi/4.8.4/armv7-m\libgcc.a(_arm_fixdfsi.o)
                0x0800097c                __aeabi_d2iz
                0x0800097c                __fixdfsi
 .text          0x080009cc      0x21c c:/skuksenk/tools/embitz_042/share/em_armgcc/bin/../lib/gcc/arm-none-eabi/4.8.4/armv7-m\libgcc.a(_arm_addsubsf3.o)
                0x080009cc                __aeabi_frsub
                0x080009d4                __subsf3
                0x080009d4                __aeabi_fsub
                0x080009d8                __aeabi_fadd
                0x080009d8                __addsf3
                0x08000b38                __aeabi_ui2f
                0x08000b38                __floatunsisf
                0x08000b40                __aeabi_i2f
                0x08000b40                __floatsisf
                0x08000b5c                __aeabi_ul2f
                0x08000b5c                __floatundisf
                0x08000b6c                __aeabi_l2f
                0x08000b6c                __floatdisf
 .text          0x08000be8      0x2a0 c:/skuksenk/tools/embitz_042/share/em_armgcc/bin/../lib/gcc/arm-none-eabi/4.8.4/armv7-m\libgcc.a(_arm_muldivsf3.o)
                0x08000be8                __mulsf3
                0x08000be8                __aeabi_fmul
                0x08000d50                __aeabi_fdiv
                0x08000d50                __divsf3
 .text          0x08000e88       0x4c c:/skuksenk/tools/embitz_042/share/em_armgcc/bin/../lib/gcc/arm-none-eabi/4.8.4/armv7-m\libgcc.a(_arm_fixsfsi.o)
                0x08000e88                __aeabi_f2iz
                0x08000e88                __fixsfsi
 .text          0x08000ed4       0xec c:/skuksenk/tools/embitz_042/share/em_armgcc/bin/../lib/gcc/arm-none-eabi/4.8.4/../../../../arm-none-eabi/lib/armv7-m\libg.a(lib_a-memcpy.o)
                0x08000ed4                memcpy
 *(.text*)
 .text.vListInitialise
                0x08000fc0       0x18 obj\release\~#\lib\freertosv8.2.3\freertos\source\list.o
                0x08000fc0                vListInitialise
 .text.vListInitialiseItem
                0x08000fd8        0x8 obj\release\~#\lib\freertosv8.2.3\freertos\source\list.o
                0x08000fd8                vListInitialiseItem
 .text.vListInsertEnd
                0x08000fe0       0x18 obj\release\~#\lib\freertosv8.2.3\freertos\source\list.o
                0x08000fe0                vListInsertEnd
 .text.vListInsert
                0x08000ff8       0x34 obj\release\~#\lib\freertosv8.2.3\freertos\source\list.o
                0x08000ff8                vListInsert
 .text.uxListRemove
                0x0800102c       0x24 obj\release\~#\lib\freertosv8.2.3\freertos\source\list.o
                0x0800102c                uxListRemove
 .text.prvPortStartFirstTask
                0x08001050       0x20 obj\release\~#\lib\freertosv8.2.3\freertos\source\portable\gcc\arm_cm3\port.o
 .text.pxPortInitialiseStack
                0x08001070       0x24 obj\release\~#\lib\freertosv8.2.3\freertos\source\portable\gcc\arm_cm3\port.o
                0x08001070                pxPortInitialiseStack
 .text.SVC_Handler
                0x08001094       0x24 obj\release\~#\lib\freertosv8.2.3\freertos\source\portable\gcc\arm_cm3\port.o
                0x08001094                SVC_Handler
 .text.vPortYield
                0x080010b8       0x18 obj\release\~#\lib\freertosv8.2.3\freertos\source\portable\gcc\arm_cm3\port.o
                0x080010b8                vPortYield
 .text.ulPortSetInterruptMask
                0x080010d0       0x10 obj\release\~#\lib\freertosv8.2.3\freertos\source\portable\gcc\arm_cm3\port.o
                0x080010d0                ulPortSetInterruptMask
 .text.prvTaskExitError
                0x080010e0        0x8 obj\release\~#\lib\freertosv8.2.3\freertos\source\portable\gcc\arm_cm3\port.o
 .text.vPortEnterCritical
                0x080010e8       0x1c obj\release\~#\lib\freertosv8.2.3\freertos\source\portable\gcc\arm_cm3\port.o
                0x080010e8                vPortEnterCritical
 .text.vPortClearInterruptMask
                0x08001104        0x8 obj\release\~#\lib\freertosv8.2.3\freertos\source\portable\gcc\arm_cm3\port.o
                0x08001104                vPortClearInterruptMask
 .text.vPortExitCritical
                0x0800110c       0x14 obj\release\~#\lib\freertosv8.2.3\freertos\source\portable\gcc\arm_cm3\port.o
                0x0800110c                vPortExitCritical
 .text.PendSV_Handler
                0x08001120       0x44 obj\release\~#\lib\freertosv8.2.3\freertos\source\portable\gcc\arm_cm3\port.o
                0x08001120                PendSV_Handler
 .text.SysTick_Handler
                0x08001164       0x24 obj\release\~#\lib\freertosv8.2.3\freertos\source\portable\gcc\arm_cm3\port.o
                0x08001164                SysTick_Handler
 .text.vPortSetupTimerInterrupt
                0x08001188       0x1c obj\release\~#\lib\freertosv8.2.3\freertos\source\portable\gcc\arm_cm3\port.o
                0x08001188                vPortSetupTimerInterrupt
 .text.xPortStartScheduler
                0x080011a4       0x30 obj\release\~#\lib\freertosv8.2.3\freertos\source\portable\gcc\arm_cm3\port.o
                0x080011a4                xPortStartScheduler
 .text.prvInsertBlockIntoFreeList
                0x080011d4       0x64 obj\release\~#\lib\freertosv8.2.3\freertos\source\portable\memmang\heap_5.o
 .text.pvPortMalloc
                0x08001238       0xc0 obj\release\~#\lib\freertosv8.2.3\freertos\source\portable\memmang\heap_5.o
                0x08001238                pvPortMalloc
 .text.vPortFree
                0x080012f8       0x54 obj\release\~#\lib\freertosv8.2.3\freertos\source\portable\memmang\heap_5.o
                0x080012f8                vPortFree
 .text.vPortDefineHeapRegions
                0x0800134c       0x9c obj\release\~#\lib\freertosv8.2.3\freertos\source\portable\memmang\heap_5.o
                0x0800134c                vPortDefineHeapRegions
 .text.prvCopyDataToQueue
                0x080013e8       0x7c obj\release\~#\lib\freertosv8.2.3\freertos\source\queue.o
 .text.prvCopyDataFromQueue
                0x08001464       0x28 obj\release\~#\lib\freertosv8.2.3\freertos\source\queue.o
 .text.prvUnlockQueue
                0x0800148c       0x84 obj\release\~#\lib\freertosv8.2.3\freertos\source\queue.o
 .text.xQueueGenericReset
                0x08001510       0x64 obj\release\~#\lib\freertosv8.2.3\freertos\source\queue.o
                0x08001510                xQueueGenericReset
 .text.xQueueGenericCreate
                0x08001574       0x44 obj\release\~#\lib\freertosv8.2.3\freertos\source\queue.o
                0x08001574                xQueueGenericCreate
 .text.xQueueGenericSend
                0x080015b8       0xf0 obj\release\~#\lib\freertosv8.2.3\freertos\source\queue.o
                0x080015b8                xQueueGenericSend
 .text.xQueueGenericSendFromISR
                0x080016a8       0x7c obj\release\~#\lib\freertosv8.2.3\freertos\source\queue.o
                0x080016a8                xQueueGenericSendFromISR
 .text.xQueueGenericReceive
                0x08001724      0x124 obj\release\~#\lib\freertosv8.2.3\freertos\source\queue.o
                0x08001724                xQueueGenericReceive
 .text.prvResetNextTaskUnblockTime
                0x08001848       0x28 obj\release\~#\lib\freertosv8.2.3\freertos\source\tasks.o
 .text.prvAddCurrentTaskToDelayedList
                0x08001870       0x50 obj\release\~#\lib\freertosv8.2.3\freertos\source\tasks.o
 .text.xTaskGenericCreate
                0x080018c0      0x1d4 obj\release\~#\lib\freertosv8.2.3\freertos\source\tasks.o
                0x080018c0                xTaskGenericCreate
 .text.vTaskStartScheduler
                0x08001a94       0x58 obj\release\~#\lib\freertosv8.2.3\freertos\source\tasks.o
                0x08001a94                vTaskStartScheduler
 .text.vTaskSuspendAll
                0x08001aec       0x10 obj\release\~#\lib\freertosv8.2.3\freertos\source\tasks.o
                0x08001aec                vTaskSuspendAll
 .text.xTaskGetTickCount
                0x08001afc        0xc obj\release\~#\lib\freertosv8.2.3\freertos\source\tasks.o
                0x08001afc                xTaskGetTickCount
 .text.xTaskIncrementTick
                0x08001b08      0x12c obj\release\~#\lib\freertosv8.2.3\freertos\source\tasks.o
                0x08001b08                xTaskIncrementTick
 .text.xTaskResumeAll
                0x08001c34       0xd8 obj\release\~#\lib\freertosv8.2.3\freertos\source\tasks.o
                0x08001c34                xTaskResumeAll
 .text.vTaskDelay
                0x08001d0c       0x5c obj\release\~#\lib\freertosv8.2.3\freertos\source\tasks.o
                0x08001d0c                vTaskDelay
 .text.prvIdleTask
                0x08001d68       0x88 obj\release\~#\lib\freertosv8.2.3\freertos\source\tasks.o
 .text.vTaskSwitchContext
                0x08001df0       0x58 obj\release\~#\lib\freertosv8.2.3\freertos\source\tasks.o
                0x08001df0                vTaskSwitchContext
 .text.vTaskPlaceOnEventList
                0x08001e48       0x5c obj\release\~#\lib\freertosv8.2.3\freertos\source\tasks.o
                0x08001e48                vTaskPlaceOnEventList
 .text.xTaskRemoveFromEventList
                0x08001ea4       0x78 obj\release\~#\lib\freertosv8.2.3\freertos\source\tasks.o
                0x08001ea4                xTaskRemoveFromEventList
 .text.vTaskSetTimeOutState
                0x08001f1c       0x18 obj\release\~#\lib\freertosv8.2.3\freertos\source\tasks.o
                0x08001f1c                vTaskSetTimeOutState
 .text.xTaskCheckForTimeOut
                0x08001f34       0x60 obj\release\~#\lib\freertosv8.2.3\freertos\source\tasks.o
                0x08001f34                xTaskCheckForTimeOut
 .text.vTaskMissedYield
                0x08001f94        0xc obj\release\~#\lib\freertosv8.2.3\freertos\source\tasks.o
                0x08001f94                vTaskMissedYield
 .text.vTaskPriorityInherit
                0x08001fa0       0x98 obj\release\~#\lib\freertosv8.2.3\freertos\source\tasks.o
                0x08001fa0                vTaskPriorityInherit
 .text.xTaskPriorityDisinherit
                0x08002038       0x88 obj\release\~#\lib\freertosv8.2.3\freertos\source\tasks.o
                0x08002038                xTaskPriorityDisinherit
 .text.pvTaskIncrementMutexHeldCount
                0x080020c0       0x18 obj\release\~#\lib\freertosv8.2.3\freertos\source\tasks.o
                0x080020c0                pvTaskIncrementMutexHeldCount
 .text.map      0x080020d8       0x20 obj\release\~#\mylibs\mylib.o
                0x080020d8                map
 .text.reverse  0x080020f8       0x24 obj\release\~#\mylibs\mylib.o
                0x080020f8                reverse
 .text.itoa     0x0800211c       0x58 obj\release\~#\mylibs\mylib.o
                0x0800211c                itoa
 .text.SystemInit
                0x08002174       0x5c obj\release\cmsis\src\system_stm32f1xx.o
                0x08002174                SystemInit
 .text.CalibrateProcess
                0x080021d0      0x1c8 obj\release\gui\src\adc_calibration_form.o
                0x080021d0                CalibrateProcess
 .text.ADC_calibration_form
                0x08002398       0xa0 obj\release\gui\src\adc_calibration_form.o
                0x08002398                ADC_calibration_form
 .text.ADC_form
                0x08002438       0xe0 obj\release\gui\src\adc_data_form.o
                0x08002438                ADC_form
 .text.bm_PrintValue
                0x08002518       0xa8 obj\release\gui\src\buttons_mapping.o
                0x08002518                bm_PrintValue
 .text.Buttons_Mapping_form
                0x080025c0      0x188 obj\release\gui\src\buttons_mapping.o
                0x080025c0                Buttons_Mapping_form
 .text.ChangeValue
                0x08002748       0xa0 obj\release\gui\src\calibration_params_form.o
                0x08002748                ChangeValue
 .text.PrintData
                0x080027e8       0xe8 obj\release\gui\src\calibration_params_form.o
                0x080027e8                PrintData
 .text.PrintPage
                0x080028d0       0x50 obj\release\gui\src\calibration_params_form.o
                0x080028d0                PrintPage
 .text.Calibration_params_form
                0x08002920      0x204 obj\release\gui\src\calibration_params_form.o
                0x08002920                Calibration_params_form
 .text.ButtonsEventTask
                0x08002b24       0xa8 obj\release\gui\src\gui.o
                0x08002b24                ButtonsEventTask
 .text.GUI_Task
                0x08002bcc       0x60 obj\release\gui\src\gui.o
                0x08002bcc                GUI_Task
 .text.GUI_init
                0x08002c2c       0x54 obj\release\gui\src\gui.o
                0x08002c2c                GUI_init
 .text.DrawHeaders
                0x08002c80       0xac obj\release\gui\src\lcd_params.o
                0x08002c80                DrawHeaders
 .text.DrawValue
                0x08002d2c      0x18c obj\release\gui\src\lcd_params.o
                0x08002d2c                DrawValue
 .text.DrawAllValues
                0x08002eb8       0x28 obj\release\gui\src\lcd_params.o
                0x08002eb8                DrawAllValues
 .text.LCD_parameters_form
                0x08002ee0      0x140 obj\release\gui\src\lcd_params.o
                0x08002ee0                LCD_parameters_form
 .text.DrawMenu
                0x08003020       0xa0 obj\release\gui\src\menu_form.o
                0x08003020                DrawMenu
 .text.CalcFromTill
                0x080030c0       0x70 obj\release\gui\src\menu_form.o
                0x080030c0                CalcFromTill
 .text.Menu_Form
                0x08003130      0x1e0 obj\release\gui\src\menu_form.o
                0x08003130                Menu_Form
 .text.Reset_parameters_form
                0x08003310       0xf8 obj\release\gui\src\reset_parameters_form.o
                0x08003310                Reset_parameters_form
 .text.Save_parameters_form
                0x08003408       0xa8 obj\release\gui\src\save_parameters_form.o
                0x08003408                Save_parameters_form
 .text.Tr_Calibrate
                0x080034b0       0x5c obj\release\gui\src\trimmer_form.o
                0x080034b0                Tr_Calibrate
 .text.UpdateScreen
                0x0800350c      0x134 obj\release\gui\src\trimmer_form.o
                0x0800350c                UpdateScreen
 .text.Trimmer_form
                0x08003640      0x150 obj\release\gui\src\trimmer_form.o
                0x08003640                Trimmer_form
 .text.HAL_MspInit
                0x08003790        0x4 obj\release\hal\src\stm32f1xx_hal.o
                0x08003790                HAL_MspInit
 .text.HAL_InitTick
                0x08003794       0x28 obj\release\hal\src\stm32f1xx_hal.o
                0x08003794                HAL_InitTick
 .text.HAL_Init
                0x080037bc       0x24 obj\release\hal\src\stm32f1xx_hal.o
                0x080037bc                HAL_Init
 .text.HAL_NVIC_SetPriorityGrouping
                0x080037e0       0x24 obj\release\hal\src\stm32f1xx_hal_cortex.o
                0x080037e0                HAL_NVIC_SetPriorityGrouping
 .text.HAL_NVIC_SetPriority
                0x08003804       0x70 obj\release\hal\src\stm32f1xx_hal_cortex.o
                0x08003804                HAL_NVIC_SetPriority
 .text.HAL_NVIC_EnableIRQ
                0x08003874       0x18 obj\release\hal\src\stm32f1xx_hal_cortex.o
                0x08003874                HAL_NVIC_EnableIRQ
 .text.HAL_SYSTICK_Config
                0x0800388c       0x34 obj\release\hal\src\stm32f1xx_hal_cortex.o
                0x0800388c                HAL_SYSTICK_Config
 .text.HAL_GPIO_Init
                0x080038c0      0x1e8 obj\release\hal\src\stm32f1xx_hal_gpio.o
                0x080038c0                HAL_GPIO_Init
 .text.HAL_GPIO_ReadPin
                0x08003aa8        0xc obj\release\hal\src\stm32f1xx_hal_gpio.o
                0x08003aa8                HAL_GPIO_ReadPin
 .text.HAL_GPIO_WritePin
                0x08003ab4        0x8 obj\release\hal\src\stm32f1xx_hal_gpio.o
                0x08003ab4                HAL_GPIO_WritePin
 .text.HAL_GPIO_TogglePin
                0x08003abc        0x8 obj\release\hal\src\stm32f1xx_hal_gpio.o
                0x08003abc                HAL_GPIO_TogglePin
 .text.HAL_PCD_Init
                0x08003ac4       0xe0 obj\release\hal\src\stm32f1xx_hal_pcd.o
                0x08003ac4                HAL_PCD_Init
 .text.HAL_PCD_Start
                0x08003ba4       0x30 obj\release\hal\src\stm32f1xx_hal_pcd.o
                0x08003ba4                HAL_PCD_Start
 .text.HAL_PCD_IRQHandler
                0x08003bd4      0x414 obj\release\hal\src\stm32f1xx_hal_pcd.o
                0x08003bd4                HAL_PCD_IRQHandler
 .text.HAL_PCD_SetAddress
                0x08003fe8       0x28 obj\release\hal\src\stm32f1xx_hal_pcd.o
                0x08003fe8                HAL_PCD_SetAddress
 .text.HAL_PCD_EP_Open
                0x08004010       0x54 obj\release\hal\src\stm32f1xx_hal_pcd.o
                0x08004010                HAL_PCD_EP_Open
 .text.HAL_PCD_EP_Close
                0x08004064       0x50 obj\release\hal\src\stm32f1xx_hal_pcd.o
                0x08004064                HAL_PCD_EP_Close
 .text.HAL_PCD_EP_Receive
                0x080040b4       0x50 obj\release\hal\src\stm32f1xx_hal_pcd.o
                0x080040b4                HAL_PCD_EP_Receive
 .text.HAL_PCD_EP_Transmit
                0x08004104       0x50 obj\release\hal\src\stm32f1xx_hal_pcd.o
                0x08004104                HAL_PCD_EP_Transmit
 .text.HAL_PCD_EP_SetStall
                0x08004154       0x60 obj\release\hal\src\stm32f1xx_hal_pcd.o
                0x08004154                HAL_PCD_EP_SetStall
 .text.HAL_PCD_EP_ClrStall
                0x080041b4       0x54 obj\release\hal\src\stm32f1xx_hal_pcd.o
                0x080041b4                HAL_PCD_EP_ClrStall
 .text.HAL_PCDEx_SetTxFiFo
                0x08004208       0x4c obj\release\hal\src\stm32f1xx_hal_pcd_ex.o
                0x08004208                HAL_PCDEx_SetTxFiFo
 .text.HAL_PCDEx_SetRxFiFo
                0x08004254        0x8 obj\release\hal\src\stm32f1xx_hal_pcd_ex.o
                0x08004254                HAL_PCDEx_SetRxFiFo
 .text.HAL_RCC_OscConfig
                0x0800425c      0x914 obj\release\hal\src\stm32f1xx_hal_rcc.o
                0x0800425c                HAL_RCC_OscConfig
 .text.HAL_RCC_ClockConfig
                0x08004b70      0x2f8 obj\release\hal\src\stm32f1xx_hal_rcc.o
                0x08004b70                HAL_RCC_ClockConfig
 .text.HAL_RCC_GetSysClockFreq
                0x08004e68      0x104 obj\release\hal\src\stm32f1xx_hal_rcc.o
                0x08004e68                HAL_RCC_GetSysClockFreq
 .text.HAL_RCC_GetHCLKFreq
                0x08004f6c       0x34 obj\release\hal\src\stm32f1xx_hal_rcc.o
                0x08004f6c                HAL_RCC_GetHCLKFreq
 .text.HAL_RCCEx_PeriphCLKConfig
                0x08004fa0      0x21c obj\release\hal\src\stm32f1xx_hal_rcc_ex.o
                0x08004fa0                HAL_RCCEx_PeriphCLKConfig
 .text.USB_EnableGlobalInt
                0x080051bc       0x10 obj\release\hal\src\stm32f1xx_ll_usb.o
                0x080051bc                USB_EnableGlobalInt
 .text.USB_DisableGlobalInt
                0x080051cc       0x10 obj\release\hal\src\stm32f1xx_ll_usb.o
                0x080051cc                USB_DisableGlobalInt
 .text.USB_SetCurrentMode
                0x080051dc       0x34 obj\release\hal\src\stm32f1xx_ll_usb.o
                0x080051dc                USB_SetCurrentMode
 .text.USB_DevInit
                0x08005210      0x11c obj\release\hal\src\stm32f1xx_ll_usb.o
                0x08005210                USB_DevInit
 .text.USB_FlushTxFifo
                0x0800532c       0x24 obj\release\hal\src\stm32f1xx_ll_usb.o
                0x0800532c                USB_FlushTxFifo
 .text.USB_ActivateEndpoint
                0x08005350       0x98 obj\release\hal\src\stm32f1xx_ll_usb.o
                0x08005350                USB_ActivateEndpoint
 .text.USB_DeactivateEndpoint
                0x080053e8       0x7c obj\release\hal\src\stm32f1xx_ll_usb.o
                0x080053e8                USB_DeactivateEndpoint
 .text.USB_EPStartXfer
                0x08005464      0x230 obj\release\hal\src\stm32f1xx_ll_usb.o
                0x08005464                USB_EPStartXfer
 .text.USB_EP0StartXfer
                0x08005694      0x13c obj\release\hal\src\stm32f1xx_ll_usb.o
                0x08005694                USB_EP0StartXfer
 .text.USB_WritePacket
                0x080057d0       0x24 obj\release\hal\src\stm32f1xx_ll_usb.o
                0x080057d0                USB_WritePacket
 .text.USB_ReadPacket
                0x080057f4       0x28 obj\release\hal\src\stm32f1xx_ll_usb.o
                0x080057f4                USB_ReadPacket
 .text.USB_EPSetStall
                0x0800581c       0x5c obj\release\hal\src\stm32f1xx_ll_usb.o
                0x0800581c                USB_EPSetStall
 .text.USB_EPClearStall
                0x08005878       0x60 obj\release\hal\src\stm32f1xx_ll_usb.o
                0x08005878                USB_EPClearStall
 .text.USB_SetDevAddress
                0x080058d8       0x20 obj\release\hal\src\stm32f1xx_ll_usb.o
                0x080058d8                USB_SetDevAddress
 .text.USB_DevConnect
                0x080058f8       0x1c obj\release\hal\src\stm32f1xx_ll_usb.o
                0x080058f8                USB_DevConnect
 .text.USB_DevDisconnect
                0x08005914       0x1c obj\release\hal\src\stm32f1xx_ll_usb.o
                0x08005914                USB_DevDisconnect
 .text.USB_ReadInterrupts
                0x08005930        0x8 obj\release\hal\src\stm32f1xx_ll_usb.o
                0x08005930                USB_ReadInterrupts
 .text.USB_ReadDevAllOutEpInterrupt
                0x08005938       0x10 obj\release\hal\src\stm32f1xx_ll_usb.o
                0x08005938                USB_ReadDevAllOutEpInterrupt
 .text.USB_ReadDevAllInEpInterrupt
                0x08005948       0x10 obj\release\hal\src\stm32f1xx_ll_usb.o
                0x08005948                USB_ReadDevAllInEpInterrupt
 .text.USB_ReadDevOutEPInterrupt
                0x08005958       0x14 obj\release\hal\src\stm32f1xx_ll_usb.o
                0x08005958                USB_ReadDevOutEPInterrupt
 .text.USB_ReadDevInEPInterrupt
                0x0800596c       0x1c obj\release\hal\src\stm32f1xx_ll_usb.o
                0x0800596c                USB_ReadDevInEPInterrupt
 .text.USB_GetMode
                0x08005988        0x8 obj\release\hal\src\stm32f1xx_ll_usb.o
                0x08005988                USB_GetMode
 .text.USB_ActivateSetup
                0x08005990       0x38 obj\release\hal\src\stm32f1xx_ll_usb.o
                0x08005990                USB_ActivateSetup
 .text.USB_EP0_OutStart
                0x080059c8       0x24 obj\release\hal\src\stm32f1xx_ll_usb.o
                0x080059c8                USB_EP0_OutStart
 .text.USB_CoreReset
                0x080059ec       0x68 obj\release\hal\src\stm32f1xx_ll_usb.o
 .text.USB_CoreInit
                0x08005a54       0x28 obj\release\hal\src\stm32f1xx_ll_usb.o
                0x08005a54                USB_CoreInit
 .text.ADC_StartCalibration
                0x08005a7c        0xc obj\release\src\adc.o
                0x08005a7c                ADC_StartCalibration
 .text.ADC_StopCalibration
                0x08005a88        0xc obj\release\src\adc.o
                0x08005a88                ADC_StopCalibration
 .text.ADC_SetDefaultParameters
                0x08005a94       0x68 obj\release\src\adc.o
                0x08005a94                ADC_SetDefaultParameters
 .text.Calibrate
                0x08005afc       0xc8 obj\release\src\adc.o
                0x08005afc                Calibrate
 *fill*         0x08005bc4        0x4 
 .text.ADC_Reader
                0x08005bc8      0x118 obj\release\src\adc.o
                0x08005bc8                ADC_Reader
 .text.ADC_GetZeroLevel
                0x08005ce0       0x24 obj\release\src\adc.o
                0x08005ce0                ADC_GetZeroLevel
 .text.ADC1_2_IRQHandler
                0x08005d04       0x5c obj\release\src\adc.o
                0x08005d04                ADC1_2_IRQHandler
 .text.DMA1_Channel1_IRQHandler
                0x08005d60       0x94 obj\release\src\adc.o
                0x08005d60                DMA1_Channel1_IRQHandler
 .text.ADC_DMA_Init
                0x08005df4       0x94 obj\release\src\adc.o
                0x08005df4                ADC_DMA_Init
 .text.ADC_InitProc
                0x08005e88      0x188 obj\release\src\adc.o
                0x08005e88                ADC_InitProc
 .text.ButtonsTask
                0x08006010      0x170 obj\release\src\buttons.o
                0x08006010                ButtonsTask
 .text.ButtonsInit
                0x08006180       0xac obj\release\src\buttons.o
                0x08006180                ButtonsInit
 .text.ENC_Task
                0x0800622c       0xf0 obj\release\src\encoder.o
 .text.ENCinit12
                0x0800631c       0xb4 obj\release\src\encoder.o
                0x0800631c                ENCinit12
 .text.EncoderInit
                0x080063d0       0x2c obj\release\src\encoder.o
                0x080063d0                EncoderInit
 .text.flash_unlock
                0x080063fc       0x18 obj\release\src\flash.o
                0x080063fc                flash_unlock
 .text.flash_erase_page
                0x08006414       0x2c obj\release\src\flash.o
                0x08006414                flash_erase_page
 .text.WriteFlash
                0x08006440       0x38 obj\release\src\flash.o
                0x08006440                WriteFlash
 .text.FindNextAddr
                0x08006478       0x48 obj\release\src\flash.o
                0x08006478                FindNextAddr
 .text.findLastBlock
                0x080064c0       0x44 obj\release\src\flash.o
                0x080064c0                findLastBlock
 .text.LCDSetRotation
                0x08006504       0x10 obj\release\src\lcd.o
                0x08006504                LCDSetRotation
 .text.SpiSend  0x08006514       0xd4 obj\release\src\lcd.o
                0x08006514                SpiSend
 .text.LCDSetMADCTL
                0x080065e8       0x18 obj\release\src\lcd.o
                0x080065e8                LCDSetMADCTL
 .text.LCDFlushTxBuffer
                0x08006600       0x1c obj\release\src\lcd.o
                0x08006600                LCDFlushTxBuffer
 .text.DMA1_Channel5_IRQHandler
                0x0800661c       0x60 obj\release\src\lcd.o
                0x0800661c                DMA1_Channel5_IRQHandler
 .text.SPI_DrvInit
                0x0800667c      0x11c obj\release\src\lcd.o
                0x0800667c                SPI_DrvInit
 .text.LCDInit  0x08006798       0x7c obj\release\src\lcd.o
                0x08006798                LCDInit
 .text.LCDSetXY
                0x08006814       0x3c obj\release\src\lcd.o
                0x08006814                LCDSetXY
 .text.LCDSetPixel
                0x08006850       0x44 obj\release\src\lcd.o
                0x08006850                LCDSetPixel
 .text.LCDSetLine
                0x08006894       0xc8 obj\release\src\lcd.o
                0x08006894                LCDSetLine
 .text.LCDSetRect
                0x0800695c      0x120 obj\release\src\lcd.o
                0x0800695c                LCDSetRect
 .text.LCDPutChar
                0x08006a7c      0x100 obj\release\src\lcd.o
                0x08006a7c                LCDPutChar
 .text.LCDPutCharRotate
                0x08006b7c      0x104 obj\release\src\lcd.o
                0x08006b7c                LCDPutCharRotate
 .text.LCDPutStr
                0x08006c80       0x64 obj\release\src\lcd.o
                0x08006c80                LCDPutStr
 .text.LCDPutStrROM
                0x08006ce4       0x64 obj\release\src\lcd.o
                0x08006ce4                LCDPutStrROM
 .text.Blink1   0x08006d48       0x7c obj\release\src\main.o
 .text.ResetParameters
                0x08006dc4       0x54 obj\release\src\main.o
                0x08006dc4                ResetParameters
 .text.HAL_GetTick
                0x08006e18        0x4 obj\release\src\main.o
                0x08006e18                HAL_GetTick
 .text.HAL_Delay
                0x08006e1c       0x14 obj\release\src\main.o
                0x08006e1c                HAL_Delay
 .text.SystemClock_Config
                0x08006e30       0x58 obj\release\src\main.o
                0x08006e30                SystemClock_Config
 .text.startup.main
                0x08006e88       0x90 obj\release\src\main.o
                0x08006e88                main
 .text.PPM_Calibrate
                0x08006f18       0x74 obj\release\src\ppmsig.o
                0x08006f18                PPM_Calibrate
 .text.TIM1_CC_IRQHandler
                0x08006f8c       0xa4 obj\release\src\ppmsig.o
                0x08006f8c                TIM1_CC_IRQHandler
 .text.PPMinit  0x08007030       0x90 obj\release\src\ppmsig.o
                0x08007030                PPMinit
 .text.PPMupdate
                0x080070c0       0x50 obj\release\src\ppmsig.o
                0x080070c0                PPMupdate
 .text.Reset_Handler
                0x08007110       0x44 obj\release\src\startup_stm32f105xc.o
                0x08007110                Reset_Handler
 .text.Default_Handler
                0x08007154        0x2 obj\release\src\startup_stm32f105xc.o
                0x08007154                RTC_Alarm_IRQHandler
                0x08007154                EXTI2_IRQHandler
                0x08007154                DebugMon_Handler
                0x08007154                HardFault_Handler
                0x08007154                TIM6_IRQHandler
                0x08007154                PVD_IRQHandler
                0x08007154                NMI_Handler
                0x08007154                CAN2_RX1_IRQHandler
                0x08007154                EXTI3_IRQHandler
                0x08007154                EXTI0_IRQHandler
                0x08007154                I2C2_EV_IRQHandler
                0x08007154                CAN1_RX0_IRQHandler
                0x08007154                UsageFault_Handler
                0x08007154                CAN2_SCE_IRQHandler
                0x08007154                SPI1_IRQHandler
                0x08007154                TAMPER_IRQHandler
                0x08007154                CAN2_RX0_IRQHandler
                0x08007154                DMA2_Channel2_IRQHandler
                0x08007154                DMA1_Channel4_IRQHandler
                0x08007154                USART3_IRQHandler
                0x08007154                RTC_IRQHandler
                0x08007154                DMA1_Channel7_IRQHandler
                0x08007154                CAN1_RX1_IRQHandler
                0x08007154                UART5_IRQHandler
                0x08007154                TIM4_IRQHandler
                0x08007154                DMA2_Channel1_IRQHandler
                0x08007154                I2C1_EV_IRQHandler
                0x08007154                DMA1_Channel6_IRQHandler
                0x08007154                UART4_IRQHandler
                0x08007154                DMA2_Channel4_IRQHandler
                0x08007154                TIM3_IRQHandler
                0x08007154                RCC_IRQHandler
                0x08007154                TIM1_TRG_COM_IRQHandler
                0x08007154                Default_Handler
                0x08007154                EXTI15_10_IRQHandler
                0x08007154                TIM7_IRQHandler
                0x08007154                CAN2_TX_IRQHandler
                0x08007154                TIM5_IRQHandler
                0x08007154                EXTI9_5_IRQHandler
                0x08007154                SPI2_IRQHandler
                0x08007154                MemManage_Handler
                0x08007154                CAN1_TX_IRQHandler
                0x08007154                DMA2_Channel5_IRQHandler
                0x08007154                EXTI4_IRQHandler
                0x08007154                DMA1_Channel3_IRQHandler
                0x08007154                TIM1_UP_IRQHandler
                0x08007154                WWDG_IRQHandler
                0x08007154                TIM2_IRQHandler
                0x08007154                OTG_FS_WKUP_IRQHandler
                0x08007154                TIM1_BRK_IRQHandler
                0x08007154                EXTI1_IRQHandler
                0x08007154                USART2_IRQHandler
                0x08007154                I2C2_ER_IRQHandler
                0x08007154                DMA1_Channel2_IRQHandler
                0x08007154                CAN1_SCE_IRQHandler
                0x08007154                FLASH_IRQHandler
                0x08007154                BusFault_Handler
                0x08007154                USART1_IRQHandler
                0x08007154                SPI3_IRQHandler
                0x08007154                I2C1_ER_IRQHandler
                0x08007154                DMA2_Channel3_IRQHandler
 *fill*         0x08007156        0x2 
 .text.MX_USB_DEVICE_Init
                0x08007158       0x2c obj\release\src\usb_device.o
                0x08007158                MX_USB_DEVICE_Init
 .text.SendUSB  0x08007184       0x8c obj\release\src\usb_device.o
 .text.OTG_FS_IRQHandler
                0x08007210        0xc obj\release\src\usb_device.o
                0x08007210                OTG_FS_IRQHandler
 .text.USB_DEVICE_Init
                0x0800721c       0x40 obj\release\src\usb_device.o
                0x0800721c                USB_DEVICE_Init
 .text.HAL_PCD_MspInit
                0x0800725c       0x54 obj\release\src\usbd_conf.o
                0x0800725c                HAL_PCD_MspInit
 .text.HAL_PCD_SetupStageCallback
                0x080072b0       0x10 obj\release\src\usbd_conf.o
                0x080072b0                HAL_PCD_SetupStageCallback
 .text.HAL_PCD_DataOutStageCallback
                0x080072c0       0x14 obj\release\src\usbd_conf.o
                0x080072c0                HAL_PCD_DataOutStageCallback
 .text.HAL_PCD_DataInStageCallback
                0x080072d4       0x14 obj\release\src\usbd_conf.o
                0x080072d4                HAL_PCD_DataInStageCallback
 .text.HAL_PCD_SOFCallback
                0x080072e8        0x8 obj\release\src\usbd_conf.o
                0x080072e8                HAL_PCD_SOFCallback
 .text.HAL_PCD_ResetCallback
                0x080072f0       0x20 obj\release\src\usbd_conf.o
                0x080072f0                HAL_PCD_ResetCallback
 .text.HAL_PCD_SuspendCallback
                0x08007310       0x30 obj\release\src\usbd_conf.o
                0x08007310                HAL_PCD_SuspendCallback
 .text.HAL_PCD_ResumeCallback
                0x08007340        0x8 obj\release\src\usbd_conf.o
                0x08007340                HAL_PCD_ResumeCallback
 .text.HAL_PCD_ISOOUTIncompleteCallback
                0x08007348        0x8 obj\release\src\usbd_conf.o
                0x08007348                HAL_PCD_ISOOUTIncompleteCallback
 .text.HAL_PCD_ISOINIncompleteCallback
                0x08007350        0x8 obj\release\src\usbd_conf.o
                0x08007350                HAL_PCD_ISOINIncompleteCallback
 .text.HAL_PCD_ConnectCallback
                0x08007358        0x8 obj\release\src\usbd_conf.o
                0x08007358                HAL_PCD_ConnectCallback
 .text.HAL_PCD_DisconnectCallback
                0x08007360        0x8 obj\release\src\usbd_conf.o
                0x08007360                HAL_PCD_DisconnectCallback
 .text.USBD_LL_Init
                0x08007368       0x54 obj\release\src\usbd_conf.o
                0x08007368                USBD_LL_Init
 .text.USBD_LL_Start
                0x080073bc       0x10 obj\release\src\usbd_conf.o
                0x080073bc                USBD_LL_Start
 .text.USBD_LL_OpenEP
                0x080073cc       0x14 obj\release\src\usbd_conf.o
                0x080073cc                USBD_LL_OpenEP
 .text.USBD_LL_CloseEP
                0x080073e0       0x10 obj\release\src\usbd_conf.o
                0x080073e0                USBD_LL_CloseEP
 .text.USBD_LL_StallEP
                0x080073f0       0x10 obj\release\src\usbd_conf.o
                0x080073f0                USBD_LL_StallEP
 .text.USBD_LL_ClearStallEP
                0x08007400       0x10 obj\release\src\usbd_conf.o
                0x08007400                USBD_LL_ClearStallEP
 .text.USBD_LL_IsStallEP
                0x08007410       0x28 obj\release\src\usbd_conf.o
                0x08007410                USBD_LL_IsStallEP
 .text.USBD_LL_SetUSBAddress
                0x08007438       0x10 obj\release\src\usbd_conf.o
                0x08007438                USBD_LL_SetUSBAddress
 .text.USBD_LL_Transmit
                0x08007448       0x10 obj\release\src\usbd_conf.o
                0x08007448                USBD_LL_Transmit
 .text.USBD_LL_PrepareReceive
                0x08007458       0x10 obj\release\src\usbd_conf.o
                0x08007458                USBD_LL_PrepareReceive
 .text.USBD_static_malloc
                0x08007468        0x8 obj\release\src\usbd_conf.o
                0x08007468                USBD_static_malloc
 .text.USBD_static_free
                0x08007470        0x4 obj\release\src\usbd_conf.o
                0x08007470                USBD_static_free
 .text.HAL_PCDEx_SetConnectionState
                0x08007474        0x4 obj\release\src\usbd_conf.o
                0x08007474                HAL_PCDEx_SetConnectionState
 .text.USBD_FS_DeviceDescriptor
                0x08007478        0xc obj\release\src\usbd_desc.o
                0x08007478                USBD_FS_DeviceDescriptor
 .text.USBD_FS_LangIDStrDescriptor
                0x08007484        0xc obj\release\src\usbd_desc.o
                0x08007484                USBD_FS_LangIDStrDescriptor
 .text.USBD_FS_ManufacturerStrDescriptor
                0x08007490       0x1c obj\release\src\usbd_desc.o
                0x08007490                USBD_FS_ManufacturerStrDescriptor
 .text.USBD_FS_ProductStrDescriptor
                0x080074ac       0x1c obj\release\src\usbd_desc.o
                0x080074ac                USBD_FS_ProductStrDescriptor
 .text.USBD_FS_SerialStrDescriptor
                0x080074c8       0x1c obj\release\src\usbd_desc.o
                0x080074c8                USBD_FS_SerialStrDescriptor
 .text.USBD_FS_ConfigStrDescriptor
                0x080074e4       0x1c obj\release\src\usbd_desc.o
                0x080074e4                USBD_FS_ConfigStrDescriptor
 .text.USBD_FS_InterfaceStrDescriptor
                0x08007500       0x1c obj\release\src\usbd_desc.o
                0x08007500                USBD_FS_InterfaceStrDescriptor
 .text.USBD_HID_GetCfgDesc
                0x0800751c        0xc obj\release\stm32_usb_device_library\class\hid\src\usbd_hid.o
 .text.USBD_HID_DataIn
                0x08007528        0xc obj\release\stm32_usb_device_library\class\hid\src\usbd_hid.o
 .text.USBD_HID_GetDeviceQualifierDesc
                0x08007534        0xc obj\release\stm32_usb_device_library\class\hid\src\usbd_hid.o
 .text.USBD_HID_Setup
                0x08007540       0xc0 obj\release\stm32_usb_device_library\class\hid\src\usbd_hid.o
 .text.USBD_HID_DeInit
                0x08007600       0x20 obj\release\stm32_usb_device_library\class\hid\src\usbd_hid.o
 .text.USBD_HID_Init
                0x08007620       0x28 obj\release\stm32_usb_device_library\class\hid\src\usbd_hid.o
 .text.USBD_HID_SendReport
                0x08007648       0x2c obj\release\stm32_usb_device_library\class\hid\src\usbd_hid.o
                0x08007648                USBD_HID_SendReport
 .text.USBD_Init
                0x08007674       0x2c obj\release\stm32_usb_device_library\core\src\usbd_core.o
                0x08007674                USBD_Init
 .text.USBD_RegisterClass
                0x080076a0       0x10 obj\release\stm32_usb_device_library\core\src\usbd_core.o
                0x080076a0                USBD_RegisterClass
 .text.USBD_Start
                0x080076b0        0xc obj\release\stm32_usb_device_library\core\src\usbd_core.o
                0x080076b0                USBD_Start
 .text.USBD_SetClassConfig
                0x080076bc       0x14 obj\release\stm32_usb_device_library\core\src\usbd_core.o
                0x080076bc                USBD_SetClassConfig
 .text.USBD_ClrClassConfig
                0x080076d0       0x10 obj\release\stm32_usb_device_library\core\src\usbd_core.o
                0x080076d0                USBD_ClrClassConfig
 .text.USBD_LL_SetupStage
                0x080076e0       0x60 obj\release\stm32_usb_device_library\core\src\usbd_core.o
                0x080076e0                USBD_LL_SetupStage
 .text.USBD_LL_DataOutStage
                0x08007740       0x6c obj\release\stm32_usb_device_library\core\src\usbd_core.o
                0x08007740                USBD_LL_DataOutStage
 .text.USBD_LL_DataInStage
                0x080077ac       0xb0 obj\release\stm32_usb_device_library\core\src\usbd_core.o
                0x080077ac                USBD_LL_DataInStage
 .text.USBD_LL_Reset
                0x0800785c       0x40 obj\release\stm32_usb_device_library\core\src\usbd_core.o
                0x0800785c                USBD_LL_Reset
 .text.USBD_LL_SetSpeed
                0x0800789c        0x8 obj\release\stm32_usb_device_library\core\src\usbd_core.o
                0x0800789c                USBD_LL_SetSpeed
 .text.USBD_LL_Suspend
                0x080078a4       0x14 obj\release\stm32_usb_device_library\core\src\usbd_core.o
                0x080078a4                USBD_LL_Suspend
 .text.USBD_LL_Resume
                0x080078b8       0x10 obj\release\stm32_usb_device_library\core\src\usbd_core.o
                0x080078b8                USBD_LL_Resume
 .text.USBD_LL_SOF
                0x080078c8       0x20 obj\release\stm32_usb_device_library\core\src\usbd_core.o
                0x080078c8                USBD_LL_SOF
 .text.USBD_LL_IsoINIncomplete
                0x080078e8        0x4 obj\release\stm32_usb_device_library\core\src\usbd_core.o
                0x080078e8                USBD_LL_IsoINIncomplete
 .text.USBD_LL_IsoOUTIncomplete
                0x080078ec        0x4 obj\release\stm32_usb_device_library\core\src\usbd_core.o
                0x080078ec                USBD_LL_IsoOUTIncomplete
 .text.USBD_LL_DevConnected
                0x080078f0        0x4 obj\release\stm32_usb_device_library\core\src\usbd_core.o
                0x080078f0                USBD_LL_DevConnected
 .text.USBD_LL_DevDisconnected
                0x080078f4       0x18 obj\release\stm32_usb_device_library\core\src\usbd_core.o
                0x080078f4                USBD_LL_DevDisconnected
 .text.USBD_StdDevReq
                0x0800790c      0x2b4 obj\release\stm32_usb_device_library\core\src\usbd_ctlreq.o
                0x0800790c                USBD_StdDevReq
 .text.USBD_StdItfReq
                0x08007bc0       0x3c obj\release\stm32_usb_device_library\core\src\usbd_ctlreq.o
                0x08007bc0                USBD_StdItfReq
 .text.USBD_StdEPReq
                0x08007bfc       0xd0 obj\release\stm32_usb_device_library\core\src\usbd_ctlreq.o
                0x08007bfc                USBD_StdEPReq
 .text.USBD_ParseSetupRequest
                0x08007ccc       0x28 obj\release\stm32_usb_device_library\core\src\usbd_ctlreq.o
                0x08007ccc                USBD_ParseSetupRequest
 .text.USBD_CtlError
                0x08007cf4       0x18 obj\release\stm32_usb_device_library\core\src\usbd_ctlreq.o
                0x08007cf4                USBD_CtlError
 .text.USBD_GetString
                0x08007d0c       0x4c obj\release\stm32_usb_device_library\core\src\usbd_ctlreq.o
                0x08007d0c                USBD_GetString
 .text.USBD_CtlSendData
                0x08007d58       0x1c obj\release\stm32_usb_device_library\core\src\usbd_ioreq.o
                0x08007d58                USBD_CtlSendData
 .text.USBD_CtlContinueSendData
                0x08007d74       0x10 obj\release\stm32_usb_device_library\core\src\usbd_ioreq.o
                0x08007d74                USBD_CtlContinueSendData
 .text.USBD_CtlContinueRx
                0x08007d84       0x10 obj\release\stm32_usb_device_library\core\src\usbd_ioreq.o
                0x08007d84                USBD_CtlContinueRx
 .text.USBD_CtlSendStatus
                0x08007d94       0x18 obj\release\stm32_usb_device_library\core\src\usbd_ioreq.o
                0x08007d94                USBD_CtlSendStatus
 .text.USBD_CtlReceiveStatus
                0x08007dac       0x18 obj\release\stm32_usb_device_library\core\src\usbd_ioreq.o
                0x08007dac                USBD_CtlReceiveStatus
 .text.memset   0x08007dc4       0x94 c:/skuksenk/tools/embitz_042/share/em_armgcc/bin/../lib/gcc/arm-none-eabi/4.8.4/../../../../arm-none-eabi/lib/armv7-m\libg.a(lib_a-memset.o)
                0x08007dc4                memset
 .text.strlen   0x08007e58       0x60 c:/skuksenk/tools/embitz_042/share/em_armgcc/bin/../lib/gcc/arm-none-eabi/4.8.4/../../../../arm-none-eabi/lib/armv7-m\libg.a(lib_a-strlen.o)
                0x08007e58                strlen
 *(.glue_7)
 .glue_7        0x00000000        0x0 linker stubs
 *(.glue_7t)
 .glue_7t       0x00000000        0x0 linker stubs
 *(.eh_frame)
 *(.init)
 *(.fini)
                0x08007eb8                . = ALIGN (0x4)
                0x08007eb8                _etext = .

.vfp11_veneer   0x08007eb8        0x0
 .vfp11_veneer  0x00000000        0x0 linker stubs

.v4_bx          0x08007eb8        0x0
 .v4_bx         0x00000000        0x0 linker stubs

.iplt           0x08007eb8        0x0
 .iplt          0x00000000        0x0 obj\release\~#\lib\freertosv8.2.3\freertos\source\list.o

.rodata         0x08007eb8     0x12e0
                0x08007eb8                . = ALIGN (0x4)
 *(.rodata)
 .rodata        0x08007eb8       0x1c obj\release\hal\src\stm32f1xx_hal_rcc.o
 .rodata        0x08007ed4        0xc obj\release\src\lcd.o
 *(.rodata*)
 .rodata.str1.4
                0x08007ee0        0x5 obj\release\~#\lib\freertosv8.2.3\freertos\source\tasks.o
                                  0x8 (size before relaxing)
 *fill*         0x08007ee5        0x3 
 .rodata.str1.4
                0x08007ee8       0x97 obj\release\gui\src\adc_calibration_form.o
                                 0xa0 (size before relaxing)
 *fill*         0x08007f7f        0x1 
 .rodata.str1.4
                0x08007f80       0x10 obj\release\gui\src\buttons_mapping.o
 .rodata.pageName
                0x08007f90       0x2c obj\release\gui\src\calibration_params_form.o
                0x08007f90                pageName
 .rodata.str1.4
                0x08007fbc        0x9 obj\release\gui\src\calibration_params_form.o
                                  0xc (size before relaxing)
 *fill*         0x08007fc5        0x3 
 .rodata.str1.4
                0x08007fc8       0x1d obj\release\gui\src\gui.o
                                 0x20 (size before relaxing)
 *fill*         0x08007fe5        0x3 
 .rodata.chName
                0x08007fe8       0x9c obj\release\gui\src\gui.o
                0x08007fe8                chName
 .rodata.str1.4
                0x08008084       0x78 obj\release\gui\src\lcd_params.o
 .rodata.menu_006
                0x080080fc        0xc obj\release\gui\src\menu_form.o
                0x080080fc                menu_006
 .rodata.menu_100
                0x08008108        0xc obj\release\gui\src\menu_form.o
                0x08008108                menu_100
 .rodata.menu_101
                0x08008114       0x14 obj\release\gui\src\menu_form.o
                0x08008114                menu_101
 .rodata.menu_102
                0x08008128        0xc obj\release\gui\src\menu_form.o
                0x08008128                menu_102
 .rodata.menu_103
                0x08008134       0x14 obj\release\gui\src\menu_form.o
                0x08008134                menu_103
 .rodata.menu_104
                0x08008148       0x14 obj\release\gui\src\menu_form.o
                0x08008148                menu_104
 .rodata.menu_105
                0x0800815c        0xc obj\release\gui\src\menu_form.o
                0x0800815c                menu_105
 .rodata.menu_106
                0x08008168       0x14 obj\release\gui\src\menu_form.o
                0x08008168                menu_106
 .rodata.menu_107
                0x0800817c       0x14 obj\release\gui\src\menu_form.o
                0x0800817c                menu_107
 .rodata.menu_108
                0x08008190        0xc obj\release\gui\src\menu_form.o
                0x08008190                menu_108
 .rodata.menu_300
                0x0800819c        0xc obj\release\gui\src\menu_form.o
                0x0800819c                menu_300
 .rodata.menu_301
                0x080081a8        0xc obj\release\gui\src\menu_form.o
                0x080081a8                menu_301
 .rodata.menu_302
                0x080081b4        0xc obj\release\gui\src\menu_form.o
                0x080081b4                menu_302
 .rodata.menu_303
                0x080081c0        0xc obj\release\gui\src\menu_form.o
                0x080081c0                menu_303
 .rodata.menu_304
                0x080081cc        0xc obj\release\gui\src\menu_form.o
                0x080081cc                menu_304
 .rodata.menu_305
                0x080081d8        0xc obj\release\gui\src\menu_form.o
                0x080081d8                menu_305
 .rodata.menu   0x080081e4      0x1a4 obj\release\gui\src\menu_form.o
                0x080081e4                menu
 .rodata.menu_000
                0x08008388       0x10 obj\release\gui\src\menu_form.o
                0x08008388                menu_000
 .rodata.menu_001
                0x08008398        0xc obj\release\gui\src\menu_form.o
                0x08008398                menu_001
 .rodata.menu_002
                0x080083a4       0x10 obj\release\gui\src\menu_form.o
                0x080083a4                menu_002
 .rodata.menu_003
                0x080083b4        0xc obj\release\gui\src\menu_form.o
                0x080083b4                menu_003
 .rodata.menu_004
                0x080083c0       0x10 obj\release\gui\src\menu_form.o
                0x080083c0                menu_004
 .rodata.menu_005
                0x080083d0       0x14 obj\release\gui\src\menu_form.o
                0x080083d0                menu_005
 .rodata.menu_010
                0x080083e4        0xc obj\release\gui\src\menu_form.o
                0x080083e4                menu_010
 .rodata.menu_007
                0x080083f0        0xc obj\release\gui\src\menu_form.o
                0x080083f0                menu_007
 .rodata.menu_008
                0x080083fc        0xc obj\release\gui\src\menu_form.o
                0x080083fc                menu_008
 .rodata.menu_009
                0x08008408        0xc obj\release\gui\src\menu_form.o
                0x08008408                menu_009
 .rodata.menu_200
                0x08008414        0xc obj\release\gui\src\menu_form.o
                0x08008414                menu_200
 .rodata.menu_201
                0x08008420        0xc obj\release\gui\src\menu_form.o
                0x08008420                menu_201
 .rodata.menu_202
                0x0800842c        0xc obj\release\gui\src\menu_form.o
                0x0800842c                menu_202
 .rodata.menu_203
                0x08008438        0xc obj\release\gui\src\menu_form.o
                0x08008438                menu_203
 .rodata.menu_204
                0x08008444        0xc obj\release\gui\src\menu_form.o
                0x08008444                menu_204
 .rodata.menu_205
                0x08008450        0xc obj\release\gui\src\menu_form.o
                0x08008450                menu_205
 .rodata.menu_206
                0x0800845c        0xc obj\release\gui\src\menu_form.o
                0x0800845c                menu_206
 .rodata.menu_207
                0x08008468        0xc obj\release\gui\src\menu_form.o
                0x08008468                menu_207
 .rodata.menu_208
                0x08008474        0xc obj\release\gui\src\menu_form.o
                0x08008474                menu_208
 .rodata.str1.4
                0x08008480       0x23 obj\release\gui\src\reset_parameters_form.o
                                 0x30 (size before relaxing)
 *fill*         0x080084a3        0x1 
 .rodata.str1.4
                0x080084a4       0x22 obj\release\gui\src\save_parameters_form.o
                                 0x30 (size before relaxing)
 *fill*         0x080084c6        0x2 
 .rodata.str1.4
                0x080084c8       0x10 obj\release\gui\src\trimmer_form.o
 .rodata.aAPBAHBPrescTable
                0x080084d8       0x10 obj\release\hal\src\stm32f1xx_hal_rcc.o
                0x080084d8                aAPBAHBPrescTable
 .rodata.str1.4
                0x080084e8        0xb obj\release\src\adc.o
                                  0xc (size before relaxing)
 *fill*         0x080084f3        0x1 
 .rodata.str1.4
                0x080084f4        0xc obj\release\src\buttons.o
 .rodata.str1.4
                0x08008500        0x9 obj\release\src\encoder.o
                                  0xc (size before relaxing)
 *fill*         0x08008509        0x3 
 .rodata.FONT8x16
                0x0800850c      0x610 obj\release\src\lcd.o
                0x0800850c                FONT8x16
 .rodata.FONT8x8
                0x08008b1c      0x308 obj\release\src\lcd.o
                0x08008b1c                FONT8x8
 .rodata.FONT6x8
                0x08008e24      0x308 obj\release\src\lcd.o
                0x08008e24                FONT6x8
 .rodata.xHeapRegions
                0x0800912c       0x10 obj\release\src\main.o
                0x0800912c                xHeapRegions
 .rodata.str1.4
                0x0800913c        0x7 obj\release\src\main.o
                                  0x8 (size before relaxing)
 *fill*         0x08009143        0x1 
 .rodata.str1.4
                0x08009144        0x8 obj\release\src\usb_device.o
 .rodata.str1.4
                0x0800914c       0x4c obj\release\src\usbd_desc.o
                0x08009198                . = ALIGN (0x4)

.rel.dyn        0x08009198        0x0
 .rel.iplt      0x00000000        0x0 obj\release\~#\lib\freertosv8.2.3\freertos\source\list.o

.ARM.extab
 *(.ARM.extab* .gnu.linkonce.armextab.*)

.ARM            0x08009198        0x0
                0x08009198                __exidx_start = .
 *(.ARM.exidx*)
                0x08009198                __exidx_end = .

.preinit_array  0x08009198        0x0
                0x08009198                PROVIDE (__preinit_array_start, .)
 *(.preinit_array*)
                0x08009198                PROVIDE (__preinit_array_end, .)

.init_array     0x08009198        0x0
                0x08009198                PROVIDE (__init_array_start, .)
 *(SORT(.init_array.*))
 *(.init_array*)
                0x08009198                PROVIDE (__init_array_end, .)

.fini_array     0x08009198        0x0
                0x08009198                PROVIDE (__fini_array_start, .)
 *(SORT(.fini_array.*))
 *(.fini_array*)
                0x08009198                PROVIDE (__fini_array_end, .)
                0x08009198                _sidata = LOADADDR (.data)

.data           0x20000000      0x134 load address 0x08009198
                0x20000000                . = ALIGN (0x4)
                0x20000000                _sdata = .
 *(.data)
 *(.data*)
 .data.uxCriticalNesting
                0x20000000        0x4 obj\release\~#\lib\freertosv8.2.3\freertos\source\portable\gcc\arm_cm3\port.o
 .data.SystemCoreClock
                0x20000004        0x4 obj\release\cmsis\src\system_stm32f1xx.o
                0x20000004                SystemCoreClock
 .data.SelectedMenu
                0x20000008        0x1 obj\release\gui\src\menu_form.o
 *fill*         0x20000009        0x1 
 .data.xCalibrated
                0x2000000a        0x2 obj\release\gui\src\trimmer_form.o
                0x2000000a                xCalibrated
 .data.yCalibrated
                0x2000000c        0x2 obj\release\gui\src\trimmer_form.o
                0x2000000c                yCalibrated
 .data.LastButtonState
                0x2000000e        0x1 obj\release\src\encoder.o
                0x2000000e                LastButtonState
 *fill*         0x2000000f        0x1 
 .data.Values   0x20000010       0x44 obj\release\src\ppmsig.o
                0x20000010                Values
 .data.FS_Desc  0x20000054       0x1c obj\release\src\usbd_desc.o
                0x20000054                FS_Desc
 .data.USBD_LangIDDesc
                0x20000070        0x4 obj\release\src\usbd_desc.o
                0x20000070                USBD_LangIDDesc
 .data.USBD_FS_DeviceDesc
                0x20000074       0x14 obj\release\src\usbd_desc.o
                0x20000074                USBD_FS_DeviceDesc
 .data.USBD_HID
                0x20000088       0x38 obj\release\stm32_usb_device_library\class\hid\src\usbd_hid.o
                0x20000088                USBD_HID
 .data.HID_MOUSE_ReportDesc
                0x200000c0       0x38 obj\release\stm32_usb_device_library\class\hid\src\usbd_hid.o
 .data.USBD_HID_Desc
                0x200000f8        0xc obj\release\stm32_usb_device_library\class\hid\src\usbd_hid.o
 .data.USBD_HID_DeviceQualifierDesc
                0x20000104        0xc obj\release\stm32_usb_device_library\class\hid\src\usbd_hid.o
 .data.USBD_HID_CfgDesc
                0x20000110       0x24 obj\release\stm32_usb_device_library\class\hid\src\usbd_hid.o
                0x20000134                . = ALIGN (0x4)
                0x20000134                _edata = .

.igot.plt       0x20000134        0x0 load address 0x080092cc
 .igot.plt      0x00000000        0x0 obj\release\~#\lib\freertosv8.2.3\freertos\source\list.o
                0x20000134                . = ALIGN (0x4)

.bss            0x20000134      0xb1c load address 0x080092cc
                0x20000134                _sbss = .
                0x20000134                __bss_start__ = _sbss
 *(.bss)
 *(.bss*)
 .bss.xFreeBytesRemaining
                0x20000134        0x4 obj\release\~#\lib\freertosv8.2.3\freertos\source\portable\memmang\heap_5.o
 .bss.pxEnd     0x20000138        0x4 obj\release\~#\lib\freertosv8.2.3\freertos\source\portable\memmang\heap_5.o
 .bss.xStart    0x2000013c        0x8 obj\release\~#\lib\freertosv8.2.3\freertos\source\portable\memmang\heap_5.o
 .bss.xMinimumEverFreeBytesRemaining
                0x20000144        0x4 obj\release\~#\lib\freertosv8.2.3\freertos\source\portable\memmang\heap_5.o
 .bss.xBlockAllocatedBit
                0x20000148        0x4 obj\release\~#\lib\freertosv8.2.3\freertos\source\portable\memmang\heap_5.o
 .bss.pxDelayedTaskList
                0x2000014c        0x4 obj\release\~#\lib\freertosv8.2.3\freertos\source\tasks.o
 .bss.xSchedulerRunning
                0x20000150        0x4 obj\release\~#\lib\freertosv8.2.3\freertos\source\tasks.o
 .bss.uxTasksDeleted
                0x20000154        0x4 obj\release\~#\lib\freertosv8.2.3\freertos\source\tasks.o
 .bss.xTasksWaitingTermination
                0x20000158       0x14 obj\release\~#\lib\freertosv8.2.3\freertos\source\tasks.o
 .bss.xSuspendedTaskList
                0x2000016c       0x14 obj\release\~#\lib\freertosv8.2.3\freertos\source\tasks.o
 .bss.uxPendedTicks
                0x20000180        0x4 obj\release\~#\lib\freertosv8.2.3\freertos\source\tasks.o
 .bss.pxReadyTasksLists
                0x20000184       0x64 obj\release\~#\lib\freertosv8.2.3\freertos\source\tasks.o
 .bss.uxSchedulerSuspended
                0x200001e8        0x4 obj\release\~#\lib\freertosv8.2.3\freertos\source\tasks.o
 .bss.pxCurrentTCB
                0x200001ec        0x4 obj\release\~#\lib\freertosv8.2.3\freertos\source\tasks.o
                0x200001ec                pxCurrentTCB
 .bss.xNextTaskUnblockTime
                0x200001f0        0x4 obj\release\~#\lib\freertosv8.2.3\freertos\source\tasks.o
 .bss.xNumOfOverflows
                0x200001f4        0x4 obj\release\~#\lib\freertosv8.2.3\freertos\source\tasks.o
 .bss.xTickCount
                0x200001f8        0x4 obj\release\~#\lib\freertosv8.2.3\freertos\source\tasks.o
 .bss.pxOverflowDelayedTaskList
                0x200001fc        0x4 obj\release\~#\lib\freertosv8.2.3\freertos\source\tasks.o
 .bss.xPendingReadyList
                0x20000200       0x14 obj\release\~#\lib\freertosv8.2.3\freertos\source\tasks.o
 .bss.uxTaskNumber
                0x20000214        0x4 obj\release\~#\lib\freertosv8.2.3\freertos\source\tasks.o
 .bss.xDelayedTaskList1
                0x20000218       0x14 obj\release\~#\lib\freertosv8.2.3\freertos\source\tasks.o
 .bss.xDelayedTaskList2
                0x2000022c       0x14 obj\release\~#\lib\freertosv8.2.3\freertos\source\tasks.o
 .bss.uxCurrentNumberOfTasks
                0x20000240        0x4 obj\release\~#\lib\freertosv8.2.3\freertos\source\tasks.o
 .bss.uxTopReadyPriority
                0x20000244        0x4 obj\release\~#\lib\freertosv8.2.3\freertos\source\tasks.o
 .bss.xYieldPending
                0x20000248        0x4 obj\release\~#\lib\freertosv8.2.3\freertos\source\tasks.o
 .bss.Stage     0x2000024c        0x1 obj\release\gui\src\adc_calibration_form.o
                0x2000024c                Stage
 .bss.bm_editMode
                0x2000024d        0x1 obj\release\gui\src\buttons_mapping.o
                0x2000024d                bm_editMode
 .bss.bm_CursorPos
                0x2000024e        0x1 obj\release\gui\src\buttons_mapping.o
                0x2000024e                bm_CursorPos
 .bss.editMode  0x2000024f        0x1 obj\release\gui\src\calibration_params_form.o
                0x2000024f                editMode
 .bss.cpfPosX   0x20000250        0x1 obj\release\gui\src\calibration_params_form.o
                0x20000250                cpfPosX
 .bss.cpfPage   0x20000251        0x1 obj\release\gui\src\calibration_params_form.o
                0x20000251                cpfPage
 *fill*         0x20000252        0x2 
 .bss.ButtonsCur
                0x20000254        0x4 obj\release\gui\src\gui.o
                0x20000254                ButtonsCur
 .bss.LastEvent
                0x20000258        0x1 obj\release\gui\src\gui.o
                0x20000258                LastEvent
 *fill*         0x20000259        0x3 
 .bss.ButtonsOld
                0x2000025c        0x4 obj\release\gui\src\gui.o
                0x2000025c                ButtonsOld
 .bss.lcdpf_CursorPos_Y
                0x20000260        0x4 obj\release\gui\src\lcd_params.o
                0x20000260                lcdpf_CursorPos_Y
 .bss.lcdpf_EditMode
                0x20000264        0x1 obj\release\gui\src\lcd_params.o
                0x20000264                lcdpf_EditMode
 .bss.stick     0x20000265        0x1 obj\release\gui\src\trimmer_form.o
                0x20000265                stick
 *fill*         0x20000266        0x2 
 .bss.xHigherPriorityTaskWoken.6998
                0x20000268        0x4 obj\release\src\adc.o
 .bss.xHigherPriorityTaskWoken.7003
                0x2000026c        0x4 obj\release\src\adc.o
 .bss.CalibrateMode
                0x20000270        0x1 obj\release\src\adc.o
                0x20000270                CalibrateMode
 *fill*         0x20000271        0x1 
 .bss.EncButtonTime
                0x20000272        0x2 obj\release\src\encoder.o
                0x20000272                EncButtonTime
 .bss.EncoderDelta
                0x20000274        0x1 obj\release\src\encoder.o
                0x20000274                EncoderDelta
 *fill*         0x20000275        0x1 
 .bss.EncoderValue
                0x20000276        0x2 obj\release\src\encoder.o
                0x20000276                EncoderValue
 .bss.EncoderSwitch
                0x20000278        0x1 obj\release\src\encoder.o
                0x20000278                EncoderSwitch
 .bss.ScreenDirectoin
                0x20000279        0x1 obj\release\src\lcd.o
                0x20000279                ScreenDirectoin
 .bss.inbuf     0x2000027a        0x1 obj\release\src\lcd.o
                0x2000027a                inbuf
 .bss.CurrentBuffer
                0x2000027b        0x1 obj\release\src\lcd.o
                0x2000027b                CurrentBuffer
 .bss.busy_flag
                0x2000027c        0x1 obj\release\src\lcd.o
                0x2000027c                busy_flag
 *fill*         0x2000027d        0x1 
 .bss.CounterVal
                0x2000027e        0x2 obj\release\src\ppmsig.o
                0x2000027e                CounterVal
 .bss.CurrentArray
                0x20000280        0x1 obj\release\src\ppmsig.o
                0x20000280                CurrentArray
 .bss.CurrentChannel
                0x20000281        0x1 obj\release\src\ppmsig.o
                0x20000281                CurrentChannel
 *fill*         0x20000282        0x2 
 .bss.mem.6907  0x20000284       0x14 obj\release\src\usbd_conf.o
 .bss.cfgidx.6870
                0x20000298        0x1 obj\release\stm32_usb_device_library\core\src\usbd_ctlreq.o
 *(COMMON)
 *fill*         0x20000299        0x3 
 COMMON         0x2000029c       0x20 obj\release\gui\src\buttons_mapping.o
                0x2000029c                stri
                0x200002a0                str
                0x200002b8                len
 COMMON         0x200002bc        0x8 obj\release\gui\src\gui.o
                0x200002bc                event_queue
                0x200002c0                CurrentFormProc
 COMMON         0x200002c4       0x90 obj\release\src\adc.o
                0x200002c4                ADC_data_calibrated
                0x200002f4                adc_queue
                0x200002f8                ADC_Params
                0x200002fc                adc_buffer
                0x20000324                ADC_data
 COMMON         0x20000354        0x4 obj\release\src\buttons.o
                0x20000354                Buttons
 COMMON         0x20000358       0x1a obj\release\src\lcd.o
                0x20000358                ResetPin
                0x20000360                SPI_DMA_TX_Buffer
 *fill*         0x20000372        0x2 
 COMMON         0x20000374       0xfc obj\release\src\main.o
                0x20000374                SaveParametersAddr
                0x20000378                Parameters
 COMMON         0x20000470      0x236 obj\release\src\usb_device.o
                0x20000470                hUsbDeviceFS
                0x20000694                gamePadReport
 *fill*         0x200006a6        0x2 
 COMMON         0x200006a8      0x3a8 obj\release\src\usbd_conf.o
                0x200006a8                hpcd_USB_OTG_FS
 COMMON         0x20000a50      0x200 obj\release\src\usbd_desc.o
                0x20000a50                USBD_StrDesc
                0x20000c50                . = ALIGN (0x4)
                0x20000c50                _ebss = .
                0x20000c50                __bss_end__ = _ebss

._user_heap_stack
                0x20000c50      0x400 load address 0x080092cc
                0x20000c50                . = ALIGN (0x4)
                0x20000c50                PROVIDE (end, .)
                0x20000c50                PROVIDE (_end, .)
                0x20000c50                . = (. + _Min_Heap_Size)
                0x20001050                . = (. + _Min_Stack_Size)
 *fill*         0x20000c50      0x400 
                0x20001050                . = ALIGN (0x4)

/DISCARD/
 libc.a(*)
 libm.a(*)
 libgcc.a(*)

.ARM.attributes
                0x00000000       0x31
 *(.ARM.attributes)
 .ARM.attributes
                0x00000000       0x33 obj\release\~#\lib\freertosv8.2.3\freertos\source\list.o
 .ARM.attributes
                0x00000033       0x33 obj\release\~#\lib\freertosv8.2.3\freertos\source\portable\gcc\arm_cm3\port.o
 .ARM.attributes
                0x00000066       0x33 obj\release\~#\lib\freertosv8.2.3\freertos\source\portable\memmang\heap_5.o
 .ARM.attributes
                0x00000099       0x33 obj\release\~#\lib\freertosv8.2.3\freertos\source\queue.o
 .ARM.attributes
                0x000000cc       0x33 obj\release\~#\lib\freertosv8.2.3\freertos\source\tasks.o
 .ARM.attributes
                0x000000ff       0x33 obj\release\~#\mylibs\mylib.o
 .ARM.attributes
                0x00000132       0x33 obj\release\cmsis\src\system_stm32f1xx.o
 .ARM.attributes
                0x00000165       0x33 obj\release\gui\src\adc_calibration_form.o
 .ARM.attributes
                0x00000198       0x33 obj\release\gui\src\adc_data_form.o
 .ARM.attributes
                0x000001cb       0x33 obj\release\gui\src\buttons_mapping.o
 .ARM.attributes
                0x000001fe       0x33 obj\release\gui\src\calibration_params_form.o
 .ARM.attributes
                0x00000231       0x33 obj\release\gui\src\gui.o
 .ARM.attributes
                0x00000264       0x33 obj\release\gui\src\lcd_params.o
 .ARM.attributes
                0x00000297       0x33 obj\release\gui\src\menu_form.o
 .ARM.attributes
                0x000002ca       0x33 obj\release\gui\src\reset_parameters_form.o
 .ARM.attributes
                0x000002fd       0x33 obj\release\gui\src\save_parameters_form.o
 .ARM.attributes
                0x00000330       0x33 obj\release\gui\src\trimmer_form.o
 .ARM.attributes
                0x00000363       0x33 obj\release\hal\src\stm32f1xx_hal.o
 .ARM.attributes
                0x00000396       0x33 obj\release\hal\src\stm32f1xx_hal_cortex.o
 .ARM.attributes
                0x000003c9       0x33 obj\release\hal\src\stm32f1xx_hal_gpio.o
 .ARM.attributes
                0x000003fc       0x33 obj\release\hal\src\stm32f1xx_hal_pcd.o
 .ARM.attributes
                0x0000042f       0x33 obj\release\hal\src\stm32f1xx_hal_pcd_ex.o
 .ARM.attributes
                0x00000462       0x33 obj\release\hal\src\stm32f1xx_hal_rcc.o
 .ARM.attributes
                0x00000495       0x33 obj\release\hal\src\stm32f1xx_hal_rcc_ex.o
 .ARM.attributes
                0x000004c8       0x33 obj\release\hal\src\stm32f1xx_ll_usb.o
 .ARM.attributes
                0x000004fb       0x33 obj\release\src\adc.o
 .ARM.attributes
                0x0000052e       0x33 obj\release\src\buttons.o
 .ARM.attributes
                0x00000561       0x33 obj\release\src\encoder.o
 .ARM.attributes
                0x00000594       0x33 obj\release\src\flash.o
 .ARM.attributes
                0x000005c7       0x33 obj\release\src\lcd.o
 .ARM.attributes
                0x000005fa       0x33 obj\release\src\main.o
 .ARM.attributes
                0x0000062d       0x33 obj\release\src\ppmsig.o
 .ARM.attributes
                0x00000660       0x21 obj\release\src\startup_stm32f105xc.o
 .ARM.attributes
                0x00000681       0x33 obj\release\src\usb_device.o
 .ARM.attributes
                0x000006b4       0x33 obj\release\src\usbd_conf.o
 .ARM.attributes
                0x000006e7       0x33 obj\release\src\usbd_desc.o
 .ARM.attributes
                0x0000071a       0x33 obj\release\stm32_usb_device_library\class\hid\src\usbd_hid.o
 .ARM.attributes
                0x0000074d       0x33 obj\release\stm32_usb_device_library\core\src\usbd_core.o
 .ARM.attributes
                0x00000780       0x33 obj\release\stm32_usb_device_library\core\src\usbd_ctlreq.o
 .ARM.attributes
                0x000007b3       0x33 obj\release\stm32_usb_device_library\core\src\usbd_ioreq.o
 .ARM.attributes
                0x000007e6       0x1d c:/skuksenk/tools/embitz_042/share/em_armgcc/bin/../lib/gcc/arm-none-eabi/4.8.4/armv7-m\libgcc.a(_arm_addsubdf3.o)
 .ARM.attributes
                0x00000803       0x1d c:/skuksenk/tools/embitz_042/share/em_armgcc/bin/../lib/gcc/arm-none-eabi/4.8.4/armv7-m\libgcc.a(_arm_muldivdf3.o)
 .ARM.attributes
                0x00000820       0x1d c:/skuksenk/tools/embitz_042/share/em_armgcc/bin/../lib/gcc/arm-none-eabi/4.8.4/armv7-m\libgcc.a(_arm_fixdfsi.o)
 .ARM.attributes
                0x0000083d       0x1d c:/skuksenk/tools/embitz_042/share/em_armgcc/bin/../lib/gcc/arm-none-eabi/4.8.4/armv7-m\libgcc.a(_arm_addsubsf3.o)
 .ARM.attributes
                0x0000085a       0x1d c:/skuksenk/tools/embitz_042/share/em_armgcc/bin/../lib/gcc/arm-none-eabi/4.8.4/armv7-m\libgcc.a(_arm_muldivsf3.o)
 .ARM.attributes
                0x00000877       0x1d c:/skuksenk/tools/embitz_042/share/em_armgcc/bin/../lib/gcc/arm-none-eabi/4.8.4/armv7-m\libgcc.a(_arm_fixsfsi.o)
 .ARM.attributes
                0x00000894       0x1b c:/skuksenk/tools/embitz_042/share/em_armgcc/bin/../lib/gcc/arm-none-eabi/4.8.4/../../../../arm-none-eabi/lib/armv7-m\libg.a(lib_a-memcpy.o)
 .ARM.attributes
                0x000008af       0x2d c:/skuksenk/tools/embitz_042/share/em_armgcc/bin/../lib/gcc/arm-none-eabi/4.8.4/../../../../arm-none-eabi/lib/armv7-m\libg.a(lib_a-memset.o)
 .ARM.attributes
                0x000008dc       0x2d c:/skuksenk/tools/embitz_042/share/em_armgcc/bin/../lib/gcc/arm-none-eabi/4.8.4/../../../../arm-none-eabi/lib/armv7-m\libg.a(lib_a-strlen.o)
LOAD obj\release\~#\lib\freertosv8.2.3\freertos\source\list.o
LOAD obj\release\~#\lib\freertosv8.2.3\freertos\source\portable\gcc\arm_cm3\port.o
LOAD obj\release\~#\lib\freertosv8.2.3\freertos\source\portable\memmang\heap_5.o
LOAD obj\release\~#\lib\freertosv8.2.3\freertos\source\queue.o
LOAD obj\release\~#\lib\freertosv8.2.3\freertos\source\tasks.o
LOAD obj\release\~#\mylibs\mylib.o
LOAD obj\release\cmsis\src\system_stm32f1xx.o
LOAD obj\release\gui\src\adc_calibration_form.o
LOAD obj\release\gui\src\adc_data_form.o
LOAD obj\release\gui\src\buttons_mapping.o
LOAD obj\release\gui\src\calibration_params_form.o
LOAD obj\release\gui\src\gui.o
LOAD obj\release\gui\src\lcd_params.o
LOAD obj\release\gui\src\menu_form.o
LOAD obj\release\gui\src\reset_parameters_form.o
LOAD obj\release\gui\src\save_parameters_form.o
LOAD obj\release\gui\src\trimmer_form.o
LOAD obj\release\hal\src\stm32f1xx_hal.o
LOAD obj\release\hal\src\stm32f1xx_hal_cortex.o
LOAD obj\release\hal\src\stm32f1xx_hal_flash.o
LOAD obj\release\hal\src\stm32f1xx_hal_flash_ex.o
LOAD obj\release\hal\src\stm32f1xx_hal_gpio.o
LOAD obj\release\hal\src\stm32f1xx_hal_pcd.o
LOAD obj\release\hal\src\stm32f1xx_hal_pcd_ex.o
LOAD obj\release\hal\src\stm32f1xx_hal_pwr.o
LOAD obj\release\hal\src\stm32f1xx_hal_rcc.o
LOAD obj\release\hal\src\stm32f1xx_hal_rcc_ex.o
LOAD obj\release\hal\src\stm32f1xx_ll_usb.o
LOAD obj\release\src\adc.o
LOAD obj\release\src\buttons.o
LOAD obj\release\src\encoder.o
LOAD obj\release\src\flash.o
LOAD obj\release\src\lcd.o
LOAD obj\release\src\main.o
LOAD obj\release\src\ppmsig.o
LOAD obj\release\src\startup_stm32f105xc.o
LOAD obj\release\src\usb_device.o
LOAD obj\release\src\usbd_conf.o
LOAD obj\release\src\usbd_desc.o
LOAD obj\release\stm32_usb_device_library\class\hid\src\usbd_hid.o
LOAD obj\release\stm32_usb_device_library\core\src\usbd_core.o
LOAD obj\release\stm32_usb_device_library\core\src\usbd_ctlreq.o
LOAD obj\release\stm32_usb_device_library\core\src\usbd_ioreq.o
START GROUP
LOAD c:/skuksenk/tools/embitz_042/share/em_armgcc/bin/../lib/gcc/arm-none-eabi/4.8.4/armv7-m\libgcc.a
LOAD c:/skuksenk/tools/embitz_042/share/em_armgcc/bin/../lib/gcc/arm-none-eabi/4.8.4/../../../../arm-none-eabi/lib/armv7-m\libg.a
LOAD c:/skuksenk/tools/embitz_042/share/em_armgcc/bin/../lib/gcc/arm-none-eabi/4.8.4/../../../../arm-none-eabi/lib/armv7-m\libc.a
END GROUP
START GROUP
LOAD c:/skuksenk/tools/embitz_042/share/em_armgcc/bin/../lib/gcc/arm-none-eabi/4.8.4/armv7-m\libgcc.a
LOAD c:/skuksenk/tools/embitz_042/share/em_armgcc/bin/../lib/gcc/arm-none-eabi/4.8.4/../../../../arm-none-eabi/lib/armv7-m\libc.a
LOAD c:/skuksenk/tools/embitz_042/share/em_armgcc/bin/../lib/gcc/arm-none-eabi/4.8.4/../../../../arm-none-eabi/lib/armv7-m\libnosys.a
END GROUP
OUTPUT(bin\Release\STM32F105_GamePad.elf elf32-littlearm)

.debug_info     0x00000000    0x1cdbb
 .debug_info    0x00000000      0x29a obj\release\~#\lib\freertosv8.2.3\freertos\source\list.o
 .debug_info    0x0000029a      0x2d0 obj\release\~#\lib\freertosv8.2.3\freertos\source\portable\gcc\arm_cm3\port.o
 .debug_info    0x0000056a      0x403 obj\release\~#\lib\freertosv8.2.3\freertos\source\portable\memmang\heap_5.o
 .debug_info    0x0000096d     0x124b obj\release\~#\lib\freertosv8.2.3\freertos\source\queue.o
 .debug_info    0x00001bb8     0x23c8 obj\release\~#\lib\freertosv8.2.3\freertos\source\tasks.o
 .debug_info    0x00003f80      0x2c8 obj\release\~#\mylibs\mylib.o
 .debug_info    0x00004248      0x3e1 obj\release\cmsis\src\system_stm32f1xx.o
 .debug_info    0x00004629      0x855 obj\release\gui\src\adc_calibration_form.o
 .debug_info    0x00004e7e      0x3c9 obj\release\gui\src\adc_data_form.o
 .debug_info    0x00005247      0x7ab obj\release\gui\src\buttons_mapping.o
 .debug_info    0x000059f2      0x83c obj\release\gui\src\calibration_params_form.o
 .debug_info    0x0000622e      0x6e1 obj\release\gui\src\gui.o
 .debug_info    0x0000690f      0x953 obj\release\gui\src\lcd_params.o
 .debug_info    0x00007262      0x8ac obj\release\gui\src\menu_form.o
 .debug_info    0x00007b0e      0x4ff obj\release\gui\src\reset_parameters_form.o
 .debug_info    0x0000800d      0x484 obj\release\gui\src\save_parameters_form.o
 .debug_info    0x00008491      0x886 obj\release\gui\src\trimmer_form.o
 .debug_info    0x00008d17      0x799 obj\release\hal\src\stm32f1xx_hal.o
 .debug_info    0x000094b0      0xc6f obj\release\hal\src\stm32f1xx_hal_cortex.o
 .debug_info    0x0000a11f      0x612 obj\release\hal\src\stm32f1xx_hal_gpio.o
 .debug_info    0x0000a731     0x15a8 obj\release\hal\src\stm32f1xx_hal_pcd.o
 .debug_info    0x0000bcd9      0x564 obj\release\hal\src\stm32f1xx_hal_pcd_ex.o
 .debug_info    0x0000c23d     0x2cda obj\release\hal\src\stm32f1xx_hal_rcc.o
 .debug_info    0x0000ef17     0x15ad obj\release\hal\src\stm32f1xx_hal_rcc_ex.o
 .debug_info    0x000104c4     0x16d4 obj\release\hal\src\stm32f1xx_ll_usb.o
 .debug_info    0x00011b98     0x1006 obj\release\src\adc.o
 .debug_info    0x00012b9e      0x636 obj\release\src\buttons.o
 .debug_info    0x000131d4      0x652 obj\release\src\encoder.o
 .debug_info    0x00013826      0x29f obj\release\src\flash.o
 .debug_info    0x00013ac5     0x249c obj\release\src\lcd.o
 .debug_info    0x00015f61      0xccf obj\release\src\main.o
 .debug_info    0x00016c30      0x98d obj\release\src\ppmsig.o
 .debug_info    0x000175bd       0x6a obj\release\src\startup_stm32f105xc.o
 .debug_info    0x00017627      0xdc9 obj\release\src\usb_device.o
 .debug_info    0x000183f0     0x18e6 obj\release\src\usbd_conf.o
 .debug_info    0x00019cd6      0x4dc obj\release\src\usbd_desc.o
 .debug_info    0x0001a1b2      0x96c obj\release\stm32_usb_device_library\class\hid\src\usbd_hid.o
 .debug_info    0x0001ab1e      0xd0a obj\release\stm32_usb_device_library\core\src\usbd_core.o
 .debug_info    0x0001b828      0xe04 obj\release\stm32_usb_device_library\core\src\usbd_ctlreq.o
 .debug_info    0x0001c62c      0x78f obj\release\stm32_usb_device_library\core\src\usbd_ioreq.o

.debug_abbrev   0x00000000     0x53dd
 .debug_abbrev  0x00000000       0xdc obj\release\~#\lib\freertosv8.2.3\freertos\source\list.o
 .debug_abbrev  0x000000dc      0x1bd obj\release\~#\lib\freertosv8.2.3\freertos\source\portable\gcc\arm_cm3\port.o
 .debug_abbrev  0x00000299      0x1a2 obj\release\~#\lib\freertosv8.2.3\freertos\source\portable\memmang\heap_5.o
 .debug_abbrev  0x0000043b      0x2aa obj\release\~#\lib\freertosv8.2.3\freertos\source\queue.o
 .debug_abbrev  0x000006e5      0x3b5 obj\release\~#\lib\freertosv8.2.3\freertos\source\tasks.o
 .debug_abbrev  0x00000a9a      0x163 obj\release\~#\mylibs\mylib.o
 .debug_abbrev  0x00000bfd      0x101 obj\release\cmsis\src\system_stm32f1xx.o
 .debug_abbrev  0x00000cfe      0x181 obj\release\gui\src\adc_calibration_form.o
 .debug_abbrev  0x00000e7f      0x189 obj\release\gui\src\adc_data_form.o
 .debug_abbrev  0x00001008      0x265 obj\release\gui\src\buttons_mapping.o
 .debug_abbrev  0x0000126d      0x221 obj\release\gui\src\calibration_params_form.o
 .debug_abbrev  0x0000148e      0x1a5 obj\release\gui\src\gui.o
 .debug_abbrev  0x00001633      0x1e6 obj\release\gui\src\lcd_params.o
 .debug_abbrev  0x00001819      0x1a8 obj\release\gui\src\menu_form.o
 .debug_abbrev  0x000019c1      0x153 obj\release\gui\src\reset_parameters_form.o
 .debug_abbrev  0x00001b14      0x14e obj\release\gui\src\save_parameters_form.o
 .debug_abbrev  0x00001c62      0x221 obj\release\gui\src\trimmer_form.o
 .debug_abbrev  0x00001e83      0x27f obj\release\hal\src\stm32f1xx_hal.o
 .debug_abbrev  0x00002102      0x2a5 obj\release\hal\src\stm32f1xx_hal_cortex.o
 .debug_abbrev  0x000023a7      0x1c6 obj\release\hal\src\stm32f1xx_hal_gpio.o
 .debug_abbrev  0x0000256d      0x2fa obj\release\hal\src\stm32f1xx_hal_pcd.o
 .debug_abbrev  0x00002867      0x178 obj\release\hal\src\stm32f1xx_hal_pcd_ex.o
 .debug_abbrev  0x000029df      0x33e obj\release\hal\src\stm32f1xx_hal_rcc.o
 .debug_abbrev  0x00002d1d      0x277 obj\release\hal\src\stm32f1xx_hal_rcc_ex.o
 .debug_abbrev  0x00002f94      0x357 obj\release\hal\src\stm32f1xx_ll_usb.o
 .debug_abbrev  0x000032eb      0x33c obj\release\src\adc.o
 .debug_abbrev  0x00003627      0x1d9 obj\release\src\buttons.o
 .debug_abbrev  0x00003800      0x1c6 obj\release\src\encoder.o
 .debug_abbrev  0x000039c6      0x138 obj\release\src\flash.o
 .debug_abbrev  0x00003afe      0x3de obj\release\src\lcd.o
 .debug_abbrev  0x00003edc      0x307 obj\release\src\main.o
 .debug_abbrev  0x000041e3      0x208 obj\release\src\ppmsig.o
 .debug_abbrev  0x000043eb       0x12 obj\release\src\startup_stm32f105xc.o
 .debug_abbrev  0x000043fd      0x276 obj\release\src\usb_device.o
 .debug_abbrev  0x00004673      0x2d4 obj\release\src\usbd_conf.o
 .debug_abbrev  0x00004947      0x199 obj\release\src\usbd_desc.o
 .debug_abbrev  0x00004ae0      0x20b obj\release\stm32_usb_device_library\class\hid\src\usbd_hid.o
 .debug_abbrev  0x00004ceb      0x26d obj\release\stm32_usb_device_library\core\src\usbd_core.o
 .debug_abbrev  0x00004f58      0x31b obj\release\stm32_usb_device_library\core\src\usbd_ctlreq.o
 .debug_abbrev  0x00005273      0x16a obj\release\stm32_usb_device_library\core\src\usbd_ioreq.o

.debug_loc      0x00000000     0xdc78
 .debug_loc     0x00000000       0x70 obj\release\~#\lib\freertosv8.2.3\freertos\source\list.o
 .debug_loc     0x00000070       0x66 obj\release\~#\lib\freertosv8.2.3\freertos\source\portable\gcc\arm_cm3\port.o
 .debug_loc     0x000000d6      0x450 obj\release\~#\lib\freertosv8.2.3\freertos\source\portable\memmang\heap_5.o
 .debug_loc     0x00000526      0xcca obj\release\~#\lib\freertosv8.2.3\freertos\source\queue.o
 .debug_loc     0x000011f0     0x1d10 obj\release\~#\lib\freertosv8.2.3\freertos\source\tasks.o
 .debug_loc     0x00002f00      0x216 obj\release\~#\mylibs\mylib.o
 .debug_loc     0x00003116      0x1c6 obj\release\cmsis\src\system_stm32f1xx.o
 .debug_loc     0x000032dc       0x35 obj\release\gui\src\adc_calibration_form.o
 .debug_loc     0x00003311       0x53 obj\release\gui\src\adc_data_form.o
 .debug_loc     0x00003364      0x2d3 obj\release\gui\src\buttons_mapping.o
 .debug_loc     0x00003637      0x1bc obj\release\gui\src\calibration_params_form.o
 .debug_loc     0x000037f3       0x55 obj\release\gui\src\gui.o
 .debug_loc     0x00003848      0x1de obj\release\gui\src\lcd_params.o
 .debug_loc     0x00003a26      0x1ce obj\release\gui\src\menu_form.o
 .debug_loc     0x00003bf4       0xd9 obj\release\gui\src\reset_parameters_form.o
 .debug_loc     0x00003ccd       0x3a obj\release\gui\src\save_parameters_form.o
 .debug_loc     0x00003d07      0x1a6 obj\release\gui\src\trimmer_form.o
 .debug_loc     0x00003ead       0x7d obj\release\hal\src\stm32f1xx_hal.o
 .debug_loc     0x00003f2a      0x561 obj\release\hal\src\stm32f1xx_hal_cortex.o
 .debug_loc     0x0000448b      0x38f obj\release\hal\src\stm32f1xx_hal_gpio.o
 .debug_loc     0x0000481a      0xd9a obj\release\hal\src\stm32f1xx_hal_pcd.o
 .debug_loc     0x000055b4       0xff obj\release\hal\src\stm32f1xx_hal_pcd_ex.o
 .debug_loc     0x000056b3     0x1c3d obj\release\hal\src\stm32f1xx_hal_rcc.o
 .debug_loc     0x000072f0      0xfe1 obj\release\hal\src\stm32f1xx_hal_rcc_ex.o
 .debug_loc     0x000082d1     0x1893 obj\release\hal\src\stm32f1xx_ll_usb.o
 .debug_loc     0x00009b64      0x16e obj\release\src\adc.o
 .debug_loc     0x00009cd2       0x88 obj\release\src\buttons.o
 .debug_loc     0x00009d5a       0x21 obj\release\src\encoder.o
 .debug_loc     0x00009d7b      0x1d2 obj\release\src\flash.o
 .debug_loc     0x00009f4d     0x175e obj\release\src\lcd.o
 .debug_loc     0x0000b6ab       0xf2 obj\release\src\main.o
 .debug_loc     0x0000b79d      0x184 obj\release\src\ppmsig.o
 .debug_loc     0x0000b921       0x40 obj\release\src\usb_device.o
 .debug_loc     0x0000b961      0x742 obj\release\src\usbd_conf.o
 .debug_loc     0x0000c0a3      0x273 obj\release\src\usbd_desc.o
 .debug_loc     0x0000c316      0x50b obj\release\stm32_usb_device_library\class\hid\src\usbd_hid.o
 .debug_loc     0x0000c821      0x769 obj\release\stm32_usb_device_library\core\src\usbd_core.o
 .debug_loc     0x0000cf8a      0xab2 obj\release\stm32_usb_device_library\core\src\usbd_ctlreq.o
 .debug_loc     0x0000da3c      0x23c obj\release\stm32_usb_device_library\core\src\usbd_ioreq.o

.debug_aranges  0x00000000     0x1058
 .debug_aranges
                0x00000000       0x40 obj\release\~#\lib\freertosv8.2.3\freertos\source\list.o
 .debug_aranges
                0x00000040       0x88 obj\release\~#\lib\freertosv8.2.3\freertos\source\portable\gcc\arm_cm3\port.o
 .debug_aranges
                0x000000c8       0x48 obj\release\~#\lib\freertosv8.2.3\freertos\source\portable\memmang\heap_5.o
 .debug_aranges
                0x00000110       0xc8 obj\release\~#\lib\freertosv8.2.3\freertos\source\queue.o
 .debug_aranges
                0x000001d8      0x178 obj\release\~#\lib\freertosv8.2.3\freertos\source\tasks.o
 .debug_aranges
                0x00000350       0x38 obj\release\~#\mylibs\mylib.o
 .debug_aranges
                0x00000388       0x28 obj\release\cmsis\src\system_stm32f1xx.o
 .debug_aranges
                0x000003b0       0x28 obj\release\gui\src\adc_calibration_form.o
 .debug_aranges
                0x000003d8       0x20 obj\release\gui\src\adc_data_form.o
 .debug_aranges
                0x000003f8       0x38 obj\release\gui\src\buttons_mapping.o
 .debug_aranges
                0x00000430       0x38 obj\release\gui\src\calibration_params_form.o
 .debug_aranges
                0x00000468       0x30 obj\release\gui\src\gui.o
 .debug_aranges
                0x00000498       0x38 obj\release\gui\src\lcd_params.o
 .debug_aranges
                0x000004d0       0x30 obj\release\gui\src\menu_form.o
 .debug_aranges
                0x00000500       0x20 obj\release\gui\src\reset_parameters_form.o
 .debug_aranges
                0x00000520       0x20 obj\release\gui\src\save_parameters_form.o
 .debug_aranges
                0x00000540       0x30 obj\release\gui\src\trimmer_form.o
 .debug_aranges
                0x00000570       0xb0 obj\release\hal\src\stm32f1xx_hal.o
 .debug_aranges
                0x00000620       0x90 obj\release\hal\src\stm32f1xx_hal_cortex.o
 .debug_aranges
                0x000006b0       0x58 obj\release\hal\src\stm32f1xx_hal_gpio.o
 .debug_aranges
                0x00000708      0x118 obj\release\hal\src\stm32f1xx_hal_pcd.o
 .debug_aranges
                0x00000820       0x30 obj\release\hal\src\stm32f1xx_hal_pcd_ex.o
 .debug_aranges
                0x00000850       0x88 obj\release\hal\src\stm32f1xx_hal_rcc.o
 .debug_aranges
                0x000008d8       0x50 obj\release\hal\src\stm32f1xx_hal_rcc_ex.o
 .debug_aranges
                0x00000928      0x180 obj\release\hal\src\stm32f1xx_ll_usb.o
 .debug_aranges
                0x00000aa8       0x70 obj\release\src\adc.o
 .debug_aranges
                0x00000b18       0x28 obj\release\src\buttons.o
 .debug_aranges
                0x00000b40       0x30 obj\release\src\encoder.o
 .debug_aranges
                0x00000b70       0x40 obj\release\src\flash.o
 .debug_aranges
                0x00000bb0       0xc0 obj\release\src\lcd.o
 .debug_aranges
                0x00000c70       0x48 obj\release\src\main.o
 .debug_aranges
                0x00000cb8       0x38 obj\release\src\ppmsig.o
 .debug_aranges
                0x00000cf0       0x28 obj\release\src\startup_stm32f105xc.o
 .debug_aranges
                0x00000d18       0x38 obj\release\src\usb_device.o
 .debug_aranges
                0x00000d50      0x110 obj\release\src\usbd_conf.o
 .debug_aranges
                0x00000e60       0x50 obj\release\src\usbd_desc.o
 .debug_aranges
                0x00000eb0       0x58 obj\release\stm32_usb_device_library\class\hid\src\usbd_hid.o
 .debug_aranges
                0x00000f08       0xb8 obj\release\stm32_usb_device_library\core\src\usbd_core.o
 .debug_aranges
                0x00000fc0       0x48 obj\release\stm32_usb_device_library\core\src\usbd_ctlreq.o
 .debug_aranges
                0x00001008       0x50 obj\release\stm32_usb_device_library\core\src\usbd_ioreq.o

.debug_ranges   0x00000000     0x1d00
 .debug_ranges  0x00000000       0x30 obj\release\~#\lib\freertosv8.2.3\freertos\source\list.o
 .debug_ranges  0x00000030       0x78 obj\release\~#\lib\freertosv8.2.3\freertos\source\portable\gcc\arm_cm3\port.o
 .debug_ranges  0x000000a8       0x38 obj\release\~#\lib\freertosv8.2.3\freertos\source\portable\memmang\heap_5.o
 .debug_ranges  0x000000e0       0xe8 obj\release\~#\lib\freertosv8.2.3\freertos\source\queue.o
 .debug_ranges  0x000001c8      0x408 obj\release\~#\lib\freertosv8.2.3\freertos\source\tasks.o
 .debug_ranges  0x000005d0       0x28 obj\release\~#\mylibs\mylib.o
 .debug_ranges  0x000005f8       0x18 obj\release\cmsis\src\system_stm32f1xx.o
 .debug_ranges  0x00000610       0x18 obj\release\gui\src\adc_calibration_form.o
 .debug_ranges  0x00000628       0x10 obj\release\gui\src\adc_data_form.o
 .debug_ranges  0x00000638       0xa0 obj\release\gui\src\buttons_mapping.o
 .debug_ranges  0x000006d8       0x58 obj\release\gui\src\calibration_params_form.o
 .debug_ranges  0x00000730       0x20 obj\release\gui\src\gui.o
 .debug_ranges  0x00000750       0x28 obj\release\gui\src\lcd_params.o
 .debug_ranges  0x00000778       0x20 obj\release\gui\src\menu_form.o
 .debug_ranges  0x00000798       0x10 obj\release\gui\src\reset_parameters_form.o
 .debug_ranges  0x000007a8       0x10 obj\release\gui\src\save_parameters_form.o
 .debug_ranges  0x000007b8       0x38 obj\release\gui\src\trimmer_form.o
 .debug_ranges  0x000007f0       0xb8 obj\release\hal\src\stm32f1xx_hal.o
 .debug_ranges  0x000008a8      0x130 obj\release\hal\src\stm32f1xx_hal_cortex.o
 .debug_ranges  0x000009d8       0x60 obj\release\hal\src\stm32f1xx_hal_gpio.o
 .debug_ranges  0x00000a38      0x108 obj\release\hal\src\stm32f1xx_hal_pcd.o
 .debug_ranges  0x00000b40       0x20 obj\release\hal\src\stm32f1xx_hal_pcd_ex.o
 .debug_ranges  0x00000b60      0x410 obj\release\hal\src\stm32f1xx_hal_rcc.o
 .debug_ranges  0x00000f70      0x258 obj\release\hal\src\stm32f1xx_hal_rcc_ex.o
 .debug_ranges  0x000011c8      0x1e0 obj\release\hal\src\stm32f1xx_ll_usb.o
 .debug_ranges  0x000013a8       0xe8 obj\release\src\adc.o
 .debug_ranges  0x00001490       0x98 obj\release\src\buttons.o
 .debug_ranges  0x00001528       0x20 obj\release\src\encoder.o
 .debug_ranges  0x00001548       0x30 obj\release\src\flash.o
 .debug_ranges  0x00001578      0x288 obj\release\src\lcd.o
 .debug_ranges  0x00001800       0x98 obj\release\src\main.o
 .debug_ranges  0x00001898       0x48 obj\release\src\ppmsig.o
 .debug_ranges  0x000018e0       0x20 obj\release\src\startup_stm32f105xc.o