Archive member included because of file (symbol)

c:/skuksenk/tools/embitz_042/share/em_armgcc/bin/../lib/gcc/arm-none-eabi/4.8.4/armv7-m\libgcc.a(_arm_addsubdf3.o)
                              obj\debug\src\adc.o (__aeabi_dadd)
c:/skuksenk/tools/embitz_042/share/em_armgcc/bin/../lib/gcc/arm-none-eabi/4.8.4/armv7-m\libgcc.a(_arm_muldivdf3.o)
                              obj\debug\src\adc.o (__aeabi_dmul)
c:/skuksenk/tools/embitz_042/share/em_armgcc/bin/../lib/gcc/arm-none-eabi/4.8.4/armv7-m\libgcc.a(_arm_fixdfsi.o)
                              obj\debug\src\adc.o (__aeabi_d2iz)
c:/skuksenk/tools/embitz_042/share/em_armgcc/bin/../lib/gcc/arm-none-eabi/4.8.4/armv7-m\libgcc.a(_arm_addsubsf3.o)
                              obj\debug\src\adc.o (__aeabi_i2f)
c:/skuksenk/tools/embitz_042/share/em_armgcc/bin/../lib/gcc/arm-none-eabi/4.8.4/armv7-m\libgcc.a(_arm_muldivsf3.o)
                              obj\debug\src\adc.o (__aeabi_fdiv)
c:/skuksenk/tools/embitz_042/share/em_armgcc/bin/../lib/gcc/arm-none-eabi/4.8.4/armv7-m\libgcc.a(_arm_fixsfsi.o)
                              obj\debug\src\adc.o (__aeabi_f2iz)
c:/skuksenk/tools/embitz_042/share/em_armgcc/bin/../lib/gcc/arm-none-eabi/4.8.4/../../../../arm-none-eabi/lib/armv7-m\libg.a(lib_a-atoi.o)
                              obj\debug\~#\mylibs\mylib.o (atoi)
c:/skuksenk/tools/embitz_042/share/em_armgcc/bin/../lib/gcc/arm-none-eabi/4.8.4/../../../../arm-none-eabi/lib/armv7-m\libg.a(lib_a-memcpy.o)
                              obj\debug\~#\lib\freertosv8.2.3\freertos\source\queue.o (memcpy)
c:/skuksenk/tools/embitz_042/share/em_armgcc/bin/../lib/gcc/arm-none-eabi/4.8.4/../../../../arm-none-eabi/lib/armv7-m\libg.a(lib_a-memset.o)
                              obj\debug\~#\lib\freertosv8.2.3\freertos\source\tasks.o (memset)
c:/skuksenk/tools/embitz_042/share/em_armgcc/bin/../lib/gcc/arm-none-eabi/4.8.4/../../../../arm-none-eabi/lib/armv7-m\libg.a(lib_a-strlen.o)
                              obj\debug\~#\mylibs\mylib.o (strlen)
c:/skuksenk/tools/embitz_042/share/em_armgcc/bin/../lib/gcc/arm-none-eabi/4.8.4/../../../../arm-none-eabi/lib/armv7-m\libg.a(lib_a-strtol.o)
                              c:/skuksenk/tools/embitz_042/share/em_armgcc/bin/../lib/gcc/arm-none-eabi/4.8.4/../../../../arm-none-eabi/lib/armv7-m\libg.a(lib_a-atoi.o) (_strtol_r)
c:/skuksenk/tools/embitz_042/share/em_armgcc/bin/../lib/gcc/arm-none-eabi/4.8.4/../../../../arm-none-eabi/lib/armv7-m\libg.a(lib_a-ctype_.o)
                              c:/skuksenk/tools/embitz_042/share/em_armgcc/bin/../lib/gcc/arm-none-eabi/4.8.4/../../../../arm-none-eabi/lib/armv7-m\libg.a(lib_a-strtol.o) (__ctype_ptr__)
c:/skuksenk/tools/embitz_042/share/em_armgcc/bin/../lib/gcc/arm-none-eabi/4.8.4/../../../../arm-none-eabi/lib/armv7-m\libg.a(lib_a-impure.o)
                              c:/skuksenk/tools/embitz_042/share/em_armgcc/bin/../lib/gcc/arm-none-eabi/4.8.4/../../../../arm-none-eabi/lib/armv7-m\libg.a(lib_a-strtol.o) (_impure_ptr)

Allocating common symbols
Common symbol       size              file

event_queue         0x4               obj\debug\gui\src\gui.o
ResetPin            0x8               obj\debug\src\lcd.o
hUsbDeviceFS        0x224             obj\debug\src\usb_device.o
gamePadReport       0x12              obj\debug\src\usb_device.o
hpcd_USB_OTG_FS     0x3a8             obj\debug\src\usbd_conf.o
pFlash              0x20              obj\debug\hal\src\stm32f1xx_hal_flash.o
ADC_data_calibrated
                    0x30              obj\debug\src\adc.o
adc_queue           0x4               obj\debug\src\adc.o
SaveParametersAddr  0x4               obj\debug\src\main.o
ADC_Params          0x4               obj\debug\src\adc.o
stri                0x4               obj\debug\gui\src\buttons_mapping.o
Buttons             0x4               obj\debug\src\buttons.o
CurrentFormProc     0x4               obj\debug\gui\src\gui.o
adc_buffer          0x28              obj\debug\src\adc.o
ADC_data            0x30              obj\debug\src\adc.o
Parameters          0xf8              obj\debug\src\main.o
str                 0x17              obj\debug\gui\src\buttons_mapping.o
SPI_DMA_TX_Buffer   0x12              obj\debug\src\lcd.o
USBD_StrDesc        0x200             obj\debug\src\usbd_desc.o
len                 0x4               obj\debug\gui\src\buttons_mapping.o

Discarded input sections

 .data          0x00000000        0x0 obj\debug\~#\lib\freertosv8.2.3\freertos\source\list.o
 .bss           0x00000000        0x0 obj\debug\~#\lib\freertosv8.2.3\freertos\source\list.o
 .bss           0x00000000        0x0 obj\debug\~#\lib\freertosv8.2.3\freertos\source\portable\gcc\arm_cm3\port.o
 .data          0x00000000        0x0 obj\debug\~#\lib\freertosv8.2.3\freertos\source\portable\memmang\heap_5.o
 .rodata        0x00000000        0x4 obj\debug\~#\lib\freertosv8.2.3\freertos\source\portable\memmang\heap_5.o
 .data          0x00000000        0x0 obj\debug\~#\lib\freertosv8.2.3\freertos\source\queue.o
[...]
Memory Configuration

Name             Origin             Length             Attributes
FLASH            0x08000000         0x00020000         xr
RAM              0x20000000         0x00010000         xrw
*default*        0x00000000         0xffffffff

Linker script and memory map

                0x00000000                __HEAP_SIZE = 0x0
                0x00000100                __STACK_SIZE = 0x100
                0x20010000                _estack = 0x20010000
                0x00000000                _Min_Heap_Size = 0x0
                0x00000400                _Min_Stack_Size = 0x400

.isr_vector     0x08000000      0x1e4
                0x08000000                . = ALIGN (0x4)
 *(.isr_vector)
 .isr_vector    0x08000000      0x1e4 obj\debug\src\startup_stm32f105xc.o
                0x08000000                g_pfnVectors
                0x080001e4                . = ALIGN (0x4)

.text           0x080001e8    0x11050
                0x080001e8                . = ALIGN (0x4)
 *(.text)
 .text          0x080001e8      0x164 obj\debug\~#\lib\freertosv8.2.3\freertos\source\list.o
                0x080001e8                vListInitialise
                0x08000228                vListInitialiseItem
                0x08000240                vListInsertEnd
                0x08000288                vListInsert
                0x080002f8                uxListRemove
 .text          0x0800034c      0x200 obj\debug\~#\lib\freertosv8.2.3\freertos\source\portable\gcc\arm_cm3\port.o
                0x0800034c                pxPortInitialiseStack
                0x080003b0                SVC_Handler
                0x080003f0                xPortStartScheduler
                0x0800042c                vPortEndScheduler
                0x08000438                vPortYield
                0x08000458                vPortEnterCritical
                0x08000478                vPortExitCritical
                0x0800049c                ulPortSetInterruptMask
                0x080004b0                vPortClearInterruptMask
                0x080004b8                PendSV_Handler
                0x080004fc                SysTick_Handler
                0x08000524                vPortSetupTimerInterrupt
 .text          0x0800054c      0x380 obj\debug\~#\lib\freertosv8.2.3\freertos\source\portable\memmang\heap_5.o
                0x0800054c                pvPortMalloc
                0x08000668                vPortFree
                0x080006d8                xPortGetFreeHeapSize
                0x080006f0                xPortGetMinimumEverFreeHeapSize
                0x080007b8                vPortDefineHeapRegions
 .text          0x080008cc      0x980 obj\debug\~#\lib\freertosv8.2.3\freertos\source\queue.o
                0x080008cc                xQueueGenericReset
                0x08000970                xQueueGenericCreate
                0x080009f0                xQueueCreateMutex
                0x08000a74                xQueueCreateCountingSemaphore
                0x08000aa0                xQueueGenericSend
                0x08000bc4                xQueueGenericSendFromISR
                0x08000c4c                xQueueGiveFromISR
                0x08000ccc                xQueueGenericReceive
                0x08000e3c                xQueueReceiveFromISR
                0x08000ec0                xQueuePeekFromISR
                0x08000f0c                uxQueueMessagesWaiting
                0x08000f2c                uxQueueSpacesAvailable
                0x08000f58                uxQueueMessagesWaitingFromISR
                0x08000f74                vQueueDelete
                0x08000f8c                uxQueueGetQueueNumber
                0x08000fa4                vQueueSetQueueNumber
                0x08000fc0                ucQueueGetQueueType
                0x080011c8                xQueueIsQueueEmptyFromISR
                0x08001220                xQueueIsQueueFullFromISR
 .text          0x0800124c     0x1aec obj\debug\~#\lib\freertosv8.2.3\freertos\source\tasks.o
                0x0800124c                xTaskGenericCreate
                0x08001388                vTaskDelete
                0x0800145c                vTaskDelayUntil
                0x08001514                vTaskDelay
                0x08001588                uxTaskPriorityGet
                0x080015bc                uxTaskPriorityGetFromISR
                0x080015f4                vTaskPrioritySet
                0x08001724                vTaskSuspend
                0x08001860                vTaskResume
                0x080018ec                xTaskResumeFromISR
                0x08001994                vTaskStartScheduler
                0x080019f4                vTaskEndScheduler
                0x08001a0c                vTaskSuspendAll
                0x08001a28                xTaskResumeAll
                0x08001b24                xTaskGetTickCount
                0x08001b44                xTaskGetTickCountFromISR
                0x08001b68                uxTaskGetNumberOfTasks
                0x08001b80                uxTaskGetSystemState
                0x08001c78                xTaskIncrementTick
                0x08001dd4                vTaskSwitchContext
                0x08001e60                vTaskPlaceOnEventList
                0x08001ee0                vTaskPlaceOnUnorderedEventList
                0x08001f70                xTaskRemoveFromEventList
                0x08002018                xTaskRemoveFromUnorderedEventList
                0x080020a8                vTaskSetTimeOutState
                0x080020d4                xTaskCheckForTimeOut
                0x0800215c                vTaskMissedYield
                0x08002174                uxTaskGetTaskNumber
                0x080021a0                vTaskSetTaskNumber
                0x0800260c                xTaskGetCurrentTaskHandle
                0x0800262c                vTaskPriorityInherit
                0x08002718                xTaskPriorityDisinherit
                0x080027e0                uxTaskResetEventItemValue
                0x08002810                pvTaskIncrementMutexHeldCount
                0x08002838                ulTaskNotifyTake
                0x08002910                xTaskNotifyWait
                0x08002a0c                xTaskGenericNotify
                0x08002b08                xTaskGenericNotifyFromISR
                0x08002c2c                vTaskNotifyGiveFromISR
                0x08002ce8                xTaskNotifyStateClear
 .text          0x08002d38      0x1d0 obj\debug\~#\mylibs\mylib.o
                0x08002d38                map
                0x08002d84                GetNextIntFromString
                0x08002e1c                reverse
                0x08002e74                itoa
 .text          0x08002f08      0x1b8 obj\debug\cmsis\src\system_stm32f1xx.o
                0x08002f08                SystemInit
                0x08002f84                SystemCoreClockUpdate
 .text          0x080030c0      0x31c obj\debug\gui\src\adc_calibration_form.o
                0x080030c0                CalibrateProcess
                0x080032f8                ADC_calibration_form
 .text          0x080033dc      0x15c obj\debug\gui\src\adc_data_form.o
                0x080033dc                ADC_form
 .text          0x08003538      0x37c obj\debug\gui\src\buttons_mapping.o
                0x08003538                bm_Replace
                0x0800358c                bm_Detect
                0x080035d0                bm_PrintValue
                0x080036b8                Buttons_Mapping_form
 .text          0x080038b4      0x638 obj\debug\gui\src\calibration_params_form.o
                0x080038b4                ChangeValue
                0x080039ec                PrintData
                0x08003b48                PrintPage
                0x08003bc0                Calibration_params_form
 .text          0x08003eec      0x1e8 obj\debug\gui\src\gui.o
                0x08003eec                ButtonsEventTask
                0x08003fec                GUI_Task
                0x0800406c                GUI_init
 .text          0x080040d4      0x5a4 obj\debug\gui\src\lcd_params.o
                0x080040d4                DrawHeaders
                0x080041d8                DrawValue
                0x08004438                DrawAllValues
                0x08004480                LCD_parameters_form
 .text          0x08004678      0x46c obj\debug\gui\src\menu_form.o
                0x08004678                DrawMenu
                0x08004738                CalcFromTill
                0x08004804                Menu_Form
 .text          0x08004ae4      0x174 obj\debug\gui\src\reset_parameters_form.o
                0x08004ae4                Reset_parameters_form
 .text          0x08004c58       0xe4 obj\debug\gui\src\save_parameters_form.o
                0x08004c58                Save_parameters_form
 .text          0x08004d3c      0x428 obj\debug\gui\src\trimmer_form.o
                0x08004d3c                Tr_Calibrate
                0x08004ddc                UpdateScreen
                0x08004f80                Trimmer_form
 .text          0x08005164      0x264 obj\debug\hal\src\stm32f1xx_hal.o
                0x08005164                HAL_Init
                0x08005190                HAL_DeInit
                0x080051cc                HAL_MspInit
                0x080051d8                HAL_MspDeInit
                0x080051e4                HAL_InitTick
                0x0800521c                HAL_IncTick
                0x0800527c                HAL_SuspendTick
                0x08005298                HAL_ResumeTick
                0x080052b4                HAL_GetHalVersion
                0x080052c8                HAL_GetREVID
                0x08005304                HAL_GetDEVID
                0x08005320                HAL_DBGMCU_EnableDBGSleepMode
                0x0800533c                HAL_DBGMCU_DisableDBGSleepMode
                0x08005358                HAL_DBGMCU_EnableDBGStopMode
                0x08005374                HAL_DBGMCU_DisableDBGStopMode
                0x08005390                HAL_DBGMCU_EnableDBGStandbyMode
                0x080053ac                HAL_DBGMCU_DisableDBGStandbyMode
 .text          0x080053c8      0x52c obj\debug\hal\src\stm32f1xx_hal_cortex.o
                0x08005744                HAL_NVIC_SetPriorityGrouping
                0x08005758                HAL_NVIC_SetPriority
                0x08005790                HAL_NVIC_EnableIRQ
                0x080057ac                HAL_NVIC_DisableIRQ
                0x080057c8                HAL_NVIC_SystemReset
                0x080057d4                HAL_SYSTICK_Config
                0x080057ec                HAL_NVIC_GetPriorityGrouping
                0x080057fc                HAL_NVIC_GetPriority
                0x0800582c                HAL_NVIC_SetPendingIRQ
                0x08005848                HAL_NVIC_GetPendingIRQ
                0x08005868                HAL_NVIC_ClearPendingIRQ
                0x08005884                HAL_NVIC_GetActive
                0x080058a4                HAL_SYSTICK_CLKSourceConfig
                0x080058dc                HAL_SYSTICK_IRQHandler
                0x080058e8                HAL_SYSTICK_Callback
 .text          0x080058f4      0x558 obj\debug\hal\src\stm32f1xx_hal_gpio.o
                0x080058f4                HAL_GPIO_Init
                0x08005bb0                HAL_GPIO_DeInit
                0x08005d34                HAL_GPIO_ReadPin
                0x08005d64                HAL_GPIO_WritePin
                0x08005d94                HAL_GPIO_TogglePin
                0x08005db8                HAL_GPIO_LockPin
                0x08005e08                HAL_GPIO_EXTI_IRQHandler
                0x08005e38                HAL_GPIO_EXTI_Callback
 .text          0x08005e4c     0x1014 obj\debug\hal\src\stm32f1xx_hal_pcd.o
                0x08005e4c                HAL_PCD_Init
                0x08006058                HAL_PCD_DeInit
                0x080060b8                HAL_PCD_Start
                0x08006104                HAL_PCD_Stop
                0x08006154                HAL_PCD_IRQHandler
                0x080067d4                HAL_PCD_DevConnect
                0x08006818                HAL_PCD_DevDisconnect
                0x0800685c                HAL_PCD_SetAddress
                0x080068a8                HAL_PCD_EP_Open
                0x08006950                HAL_PCD_EP_Close
                0x080069e8                HAL_PCD_EP_Receive
                0x08006a88                HAL_PCD_EP_GetRxCount
                0x08006abc                HAL_PCD_EP_Transmit
                0x08006b58                HAL_PCD_EP_SetStall
                0x08006c0c                HAL_PCD_EP_ClrStall
                0x08006ca4                HAL_PCD_EP_Flush
                0x08006d00                HAL_PCD_ActivateRemoteWakeup
                0x08006d1c                HAL_PCD_DeActivateRemoteWakeup
                0x08006d38                HAL_PCD_GetState
 .text          0x08006e60       0xd8 obj\debug\hal\src\stm32f1xx_hal_pcd_ex.o
                0x08006e60                HAL_PCDEx_SetTxFiFo
                0x08006efc                HAL_PCDEx_SetRxFiFo
 .text          0x08006f38     0x2764 obj\debug\hal\src\stm32f1xx_hal_rcc.o
                0x08006f38                HAL_RCC_DeInit
                0x08006fb4                HAL_RCC_OscConfig
                0x08008988                HAL_RCC_ClockConfig
                0x080090e0                HAL_RCC_MCOConfig
                0x0800915c                HAL_RCC_EnableCSS
                0x08009198                HAL_RCC_DisableCSS
                0x080091d4                HAL_RCC_GetSysClockFreq
                0x080093cc                HAL_RCC_GetHCLKFreq
                0x08009420                HAL_RCC_GetPCLK1Freq
                0x0800946c                HAL_RCC_GetPCLK2Freq
                0x080094b8                HAL_RCC_GetOscConfig
                0x0800960c                HAL_RCC_GetClockConfig
                0x0800966c                HAL_RCC_NMI_IRQHandler
                0x08009690                HAL_RCC_CSSCallback
 .text          0x0800969c     0x1050 obj\debug\hal\src\stm32f1xx_hal_rcc_ex.o
                0x0800969c                HAL_RCCEx_PeriphCLKConfig
                0x08009a8c                HAL_RCCEx_GetPeriphCLKConfig
                0x08009b1c                HAL_RCCEx_GetPeriphCLKFreq
                0x08009ff0                HAL_RCCEx_EnablePLLI2S
                0x0800a250                HAL_RCCEx_DisablePLLI2S
                0x0800a368                HAL_RCCEx_EnablePLL2
                0x0800a5cc                HAL_RCCEx_DisablePLL2
 .text          0x0800a6ec     0x1ca8 obj\debug\hal\src\stm32f1xx_ll_usb.o
                0x0800a6ec                USB_CoreInit
                0x0800a728                USB_EnableGlobalInt
                0x0800a74c                USB_DisableGlobalInt
                0x0800a770                USB_SetCurrentMode
                0x0800a7c0                USB_DevInit
                0x0800a9a8                USB_FlushTxFifo
                0x0800a9f4                USB_FlushRxFifo
                0x0800aa38                USB_SetDevSpeed
                0x0800aa68                USB_GetDevSpeed
                0x0800aabc                USB_ActivateEndpoint
                0x0800abec                USB_DeactivateEndpoint
                0x0800acd8                USB_EPStartXfer
                0x0800b0fc                USB_EP0StartXfer
                0x0800b36c                USB_WritePacket
                0x0800b3cc                USB_ReadPacket
                0x0800b420                USB_EPSetStall
                0x0800b4fc                USB_EPClearStall
                0x0800b5d0                USB_StopDevice
                0x0800b650                USB_SetDevAddress
                0x0800b698                USB_DevConnect
                0x0800b6c4                USB_DevDisconnect
                0x0800b6f0                USB_ReadInterrupts
                0x0800b71c                USB_ReadDevAllOutEpInterrupt
                0x0800b750                USB_ReadDevAllInEpInterrupt
                0x0800b784                USB_ReadDevOutEPInterrupt
                0x0800b7c0                USB_ReadDevInEPInterrupt
                0x0800b820                USB_ClearInterrupts
                0x0800b840                USB_GetMode
                0x0800b85c                USB_ActivateSetup
                0x0800b8c4                USB_EP0_OutStart
                0x0800b924                USB_HostInit
                0x0800ba44                USB_InitFSLSPClkSel
                0x0800bab0                USB_ResetPort
                0x0800bafc                USB_DriveVbus
                0x0800bb68                USB_GetHostSpeed
                0x0800bb94                USB_GetCurrentFrame
                0x0800bbb4                USB_HC_Init
                0x0800bd60                USB_HC_StartXfer
                0x0800bf44                USB_HC_ReadInterrupt
                0x0800bf64                USB_HC_Halt
                0x0800c150                USB_DoPing
                0x0800c1c4                USB_StopHost
                0x0800c2c4                USB_ActivateRemoteWakeup
                0x0800c300                USB_DeActivateRemoteWakeup
 *fill*         0x0800c394        0x4 
 .text          0x0800c398      0x9b8 obj\debug\src\adc.o
                0x0800c41c                ADC_StartCalibration
                0x0800c434                ADC_StopCalibration
                0x0800c44c                ADC_SetDefaultParameters
                0x0800c500                ADC_Reader
                0x0800c6c8                Calibrate
                0x0800c8b4                ADC_GetZeroLevel
                0x0800c8fc                ADC1_2_IRQHandler
                0x0800c978                DMA1_Channel1_IRQHandler
                0x0800ca38                ADC_read
                0x0800ca6c                ADC_DMA_Init
                0x0800cb2c                ADC_InitProc
 .text          0x0800cd50      0x2c4 obj\debug\src\buttons.o
                0x0800cd50                ButtonsTask
                0x0800cf34                ButtonsInit
 .text          0x0800d014      0x268 obj\debug\src\encoder.o
                0x0800d014                ENCinit12
                0x0800d248                EncoderInit
 .text          0x0800d27c      0x18c obj\debug\src\flash.o
                0x0800d27c                flash_unlock
                0x0800d2a0                flash_erase_page
                0x0800d2f0                WriteFlash
                0x0800d358                FindNextAddr
                0x0800d3a4                findLastBlock
 .text          0x0800d408      0xd78 obj\debug\src\lcd.o
                0x0800d48c                SPI_StartDMA_TX
                0x0800d4f0                LCDSetRotation
                0x0800d518                LCDSetMADCTL
                0x0800d538                SpiSend
                0x0800d640                LCDFlushTxBuffer
                0x0800d65c                WriteSpiCommand
                0x0800d67c                WriteSpiData
                0x0800d6a0                DMA1_Channel5_IRQHandler
                0x0800d728                SPI_DrvInit
                0x0800d8a0                LCD_Sender
                0x0800d8ac                LCDInit
                0x0800d924                LCDClearScreen
                0x0800d988                LCDSetXY
                0x0800d9bc                LCDSetPixel
                0x0800da1c                LCDSetLine
                0x0800db40                LCDSetRect
                0x0800dc84                LCDSetCircle
                0x0800dde4                LCDPutChar
                0x0800df24                LCDPutCharRotate
                0x0800e060                LCDPutStr
                0x0800e0f0                LCDPutStrROM
 .text          0x0800e180      0x278 obj\debug\src\main.o
                0x0800e180                ResetParameters
                0x0800e2ac                HAL_GetTick
                0x0800e2bc                HAL_Delay
                0x0800e2e0                SystemClock_Config
                0x0800e354                main
 .text          0x0800e3f8      0x3a0 obj\debug\src\ppmsig.o
                0x0800e428                PPM_Calibrate
                0x0800e524                TIM1_CC_IRQHandler
                0x0800e634                PPMinit
                0x0800e6ec                PPMupdate
 .text          0x0800e798      0x168 obj\debug\src\usb_device.o
                0x0800e798                MX_USB_DEVICE_Init
                0x0800e7c4                OTG_FS_IRQHandler
                0x0800e898                USB_DEVICE_Init
 .text          0x0800e900      0x590 obj\debug\src\usbd_conf.o
                0x0800e900                HAL_PCD_MspInit
                0x0800e964                HAL_PCD_MspDeInit
                0x0800e9a0                HAL_PCD_SetupStageCallback
                0x0800e9c4                HAL_PCD_DataOutStageCallback
                0x0800e9fc                HAL_PCD_DataInStageCallback
                0x0800ea34                HAL_PCD_SOFCallback
                0x0800ea50                HAL_PCD_ResetCallback
                0x0800eaa0                HAL_PCD_SuspendCallback
                0x0800eaec                HAL_PCD_ResumeCallback
                0x0800eb08                HAL_PCD_ISOOUTIncompleteCallback
                0x0800eb2c                HAL_PCD_ISOINIncompleteCallback
                0x0800eb50                HAL_PCD_ConnectCallback
                0x0800eb6c                HAL_PCD_DisconnectCallback
                0x0800eb88                USBD_LL_Init
                0x0800ec04                USBD_LL_DeInit
                0x0800ec24                USBD_LL_Start
                0x0800ec44                USBD_LL_Stop
                0x0800ec64                USBD_LL_OpenEP
                0x0800ec8c                USBD_LL_CloseEP
                0x0800ecb4                USBD_LL_FlushEP
                0x0800ecdc                USBD_LL_StallEP
                0x0800ed04                USBD_LL_ClearStallEP
                0x0800ed2c                USBD_LL_IsStallEP
                0x0800ed84                USBD_LL_SetUSBAddress
                0x0800edac                USBD_LL_Transmit
                0x0800eddc                USBD_LL_PrepareReceive
                0x0800ee0c                USBD_LL_GetRxDataSize
                0x0800ee34                USBD_LL_Delay
                0x0800ee48                USBD_static_malloc
                0x0800ee64                USBD_static_free
                0x0800ee78                HAL_PCDEx_SetConnectionState
 .text          0x0800ee90      0x160 obj\debug\src\usbd_desc.o
                0x0800ee90                USBD_FS_DeviceDescriptor
                0x0800eeb4                USBD_FS_LangIDStrDescriptor
                0x0800eed8                USBD_FS_ProductStrDescriptor
                0x0800ef14                USBD_FS_ManufacturerStrDescriptor
                0x0800ef3c                USBD_FS_SerialStrDescriptor
                0x0800ef78                USBD_FS_ConfigStrDescriptor
                0x0800efb4                USBD_FS_InterfaceStrDescriptor
 .text          0x0800eff0      0x298 obj\debug\stm32_usb_device_library\class\hid\src\usbd_hid.o
                0x0800f1b4                USBD_HID_SendReport
                0x0800f1f8                USBD_HID_GetPollingInterval
 .text          0x0800f288      0x57c obj\debug\stm32_usb_device_library\core\src\usbd_core.o
                0x0800f288                USBD_Init
                0x0800f2e0                USBD_DeInit
                0x0800f31c                USBD_RegisterClass
                0x0800f350                USBD_Start
                0x0800f368                USBD_Stop
                0x0800f394                USBD_RunTestMode
                0x0800f3ac                USBD_SetClassConfig
                0x0800f3ec                USBD_ClrClassConfig
                0x0800f414                USBD_LL_SetupStage
                0x0800f4a8                USBD_LL_DataOutStage
                0x0800f560                USBD_LL_DataInStage
                0x0800f680                USBD_LL_Reset
                0x0800f6e0                USBD_LL_SetSpeed
                0x0800f700                USBD_LL_Suspend
                0x0800f72c                USBD_LL_Resume
                0x0800f750                USBD_LL_SOF
                0x0800f784                USBD_LL_IsoINIncomplete
                0x0800f7a0                USBD_LL_IsoOUTIncomplete
                0x0800f7bc                USBD_LL_DevConnected
                0x0800f7d4                USBD_LL_DevDisconnected
 .text          0x0800f804      0x8bc obj\debug\stm32_usb_device_library\core\src\usbd_ctlreq.o
                0x0800f804                USBD_StdDevReq
                0x0800f8a4                USBD_StdItfReq
                0x0800f90c                USBD_StdEPReq
                0x0800ff80                USBD_ParseSetupRequest
                0x0800fff4                USBD_CtlError
                0x08010014                USBD_GetString
 .text          0x080100c0      0x130 obj\debug\stm32_usb_device_library\core\src\usbd_ioreq.o
                0x080100c0                USBD_CtlSendData
                0x080100f8                USBD_CtlContinueSendData
                0x0801011c                USBD_CtlPrepareRx
                0x08010158                USBD_CtlContinueRx
                0x0801017c                USBD_CtlSendStatus
                0x080101a4                USBD_CtlReceiveStatus
                0x080101cc                USBD_GetRxCount
 .text          0x080101f0      0x370 c:/skuksenk/tools/embitz_042/share/em_armgcc/bin/../lib/gcc/arm-none-eabi/4.8.4/armv7-m\libgcc.a(_arm_addsubdf3.o)
                0x080101f0                __aeabi_drsub
                0x080101f8                __aeabi_dsub
                0x080101f8                __subdf3
                0x080101fc                __aeabi_dadd
                0x080101fc                __adddf3
                0x08010474                __floatunsidf
                0x08010474                __aeabi_ui2d
                0x08010494                __floatsidf
                0x08010494                __aeabi_i2d
                0x080104b8                __aeabi_f2d
                0x080104b8                __extendsfdf2
                0x080104f4                __floatundidf
                0x080104f4                __aeabi_ul2d
                0x08010504                __floatdidf
                0x08010504                __aeabi_l2d
 .text          0x08010560      0x424 c:/skuksenk/tools/embitz_042/share/em_armgcc/bin/../lib/gcc/arm-none-eabi/4.8.4/armv7-m\libgcc.a(_arm_muldivdf3.o)
                0x08010560                __aeabi_dmul
                0x08010560                __muldf3
                0x080107b4                __divdf3
                0x080107b4                __aeabi_ddiv
 .text          0x08010984       0x50 c:/skuksenk/tools/embitz_042/share/em_armgcc/bin/../lib/gcc/arm-none-eabi/4.8.4/armv7-m\libgcc.a(_arm_fixdfsi.o)
                0x08010984                __aeabi_d2iz
                0x08010984                __fixdfsi
 .text          0x080109d4      0x21c c:/skuksenk/tools/embitz_042/share/em_armgcc/bin/../lib/gcc/arm-none-eabi/4.8.4/armv7-m\libgcc.a(_arm_addsubsf3.o)
                0x080109d4                __aeabi_frsub
                0x080109dc                __subsf3
                0x080109dc                __aeabi_fsub
                0x080109e0                __aeabi_fadd
                0x080109e0                __addsf3
                0x08010b40                __aeabi_ui2f
                0x08010b40                __floatunsisf
                0x08010b48                __aeabi_i2f
                0x08010b48                __floatsisf
                0x08010b64                __aeabi_ul2f
                0x08010b64                __floatundisf
                0x08010b74                __aeabi_l2f
                0x08010b74                __floatdisf
 .text          0x08010bf0      0x2a0 c:/skuksenk/tools/embitz_042/share/em_armgcc/bin/../lib/gcc/arm-none-eabi/4.8.4/armv7-m\libgcc.a(_arm_muldivsf3.o)
                0x08010bf0                __mulsf3
                0x08010bf0                __aeabi_fmul
                0x08010d58                __aeabi_fdiv
                0x08010d58                __divsf3
 .text          0x08010e90       0x4c c:/skuksenk/tools/embitz_042/share/em_armgcc/bin/../lib/gcc/arm-none-eabi/4.8.4/armv7-m\libgcc.a(_arm_fixsfsi.o)
                0x08010e90                __aeabi_f2iz
                0x08010e90                __fixsfsi
 .text          0x08010edc       0xec c:/skuksenk/tools/embitz_042/share/em_armgcc/bin/../lib/gcc/arm-none-eabi/4.8.4/../../../../arm-none-eabi/lib/armv7-m\libg.a(lib_a-memcpy.o)
                0x08010edc                memcpy
 *(.text*)
 .text.Reset_Handler
                0x08010fc8       0x44 obj\debug\src\startup_stm32f105xc.o
                0x08010fc8                Reset_Handler
 .text.Default_Handler
                0x0801100c        0x2 obj\debug\src\startup_stm32f105xc.o
                0x0801100c                RTC_Alarm_IRQHandler
                0x0801100c                EXTI2_IRQHandler
                0x0801100c                DebugMon_Handler
                0x0801100c                HardFault_Handler
                0x0801100c                TIM6_IRQHandler
                0x0801100c                PVD_IRQHandler
                0x0801100c                NMI_Handler
                0x0801100c                CAN2_RX1_IRQHandler
                0x0801100c                EXTI3_IRQHandler
                0x0801100c                EXTI0_IRQHandler
                0x0801100c                I2C2_EV_IRQHandler
                0x0801100c                CAN1_RX0_IRQHandler
                0x0801100c                UsageFault_Handler
                0x0801100c                CAN2_SCE_IRQHandler
                0x0801100c                SPI1_IRQHandler
                0x0801100c                TAMPER_IRQHandler
                0x0801100c                CAN2_RX0_IRQHandler
                0x0801100c                DMA2_Channel2_IRQHandler
                0x0801100c                DMA1_Channel4_IRQHandler
                0x0801100c                USART3_IRQHandler
                0x0801100c                RTC_IRQHandler
                0x0801100c                DMA1_Channel7_IRQHandler
                0x0801100c                CAN1_RX1_IRQHandler
                0x0801100c                UART5_IRQHandler
                0x0801100c                TIM4_IRQHandler
                0x0801100c                DMA2_Channel1_IRQHandler
                0x0801100c                I2C1_EV_IRQHandler
                0x0801100c                DMA1_Channel6_IRQHandler
                0x0801100c                UART4_IRQHandler
                0x0801100c                DMA2_Channel4_IRQHandler
                0x0801100c                TIM3_IRQHandler
                0x0801100c                RCC_IRQHandler
                0x0801100c                TIM1_TRG_COM_IRQHandler
                0x0801100c                Default_Handler
                0x0801100c                EXTI15_10_IRQHandler
                0x0801100c                TIM7_IRQHandler
                0x0801100c                CAN2_TX_IRQHandler
                0x0801100c                TIM5_IRQHandler
                0x0801100c                EXTI9_5_IRQHandler
                0x0801100c                SPI2_IRQHandler
                0x0801100c                MemManage_Handler
                0x0801100c                CAN1_TX_IRQHandler
                0x0801100c                DMA2_Channel5_IRQHandler
                0x0801100c                EXTI4_IRQHandler
                0x0801100c                DMA1_Channel3_IRQHandler
                0x0801100c                TIM1_UP_IRQHandler
                0x0801100c                WWDG_IRQHandler
                0x0801100c                TIM2_IRQHandler
                0x0801100c                OTG_FS_WKUP_IRQHandler
                0x0801100c                TIM1_BRK_IRQHandler
                0x0801100c                EXTI1_IRQHandler
                0x0801100c                USART2_IRQHandler
                0x0801100c                I2C2_ER_IRQHandler
                0x0801100c                DMA1_Channel2_IRQHandler
                0x0801100c                CAN1_SCE_IRQHandler
                0x0801100c                FLASH_IRQHandler
                0x0801100c                BusFault_Handler
                0x0801100c                USART1_IRQHandler
                0x0801100c                SPI3_IRQHandler
                0x0801100c                I2C1_ER_IRQHandler
                0x0801100c                DMA2_Channel3_IRQHandler
 *fill*         0x0801100e        0x2 
 .text.atoi     0x08011010        0x8 c:/skuksenk/tools/embitz_042/share/em_armgcc/bin/../lib/gcc/arm-none-eabi/4.8.4/../../../../arm-none-eabi/lib/armv7-m\libg.a(lib_a-atoi.o)
                0x08011010                atoi
 .text.memset   0x08011018       0x94 c:/skuksenk/tools/embitz_042/share/em_armgcc/bin/../lib/gcc/arm-none-eabi/4.8.4/../../../../arm-none-eabi/lib/armv7-m\libg.a(lib_a-memset.o)
                0x08011018                memset
 .text.strlen   0x080110ac       0x60 c:/skuksenk/tools/embitz_042/share/em_armgcc/bin/../lib/gcc/arm-none-eabi/4.8.4/../../../../arm-none-eabi/lib/armv7-m\libg.a(lib_a-strlen.o)
                0x080110ac                strlen
 .text._strtol_r
                0x0801110c      0x114 c:/skuksenk/tools/embitz_042/share/em_armgcc/bin/../lib/gcc/arm-none-eabi/4.8.4/../../../../arm-none-eabi/lib/armv7-m\libg.a(lib_a-strtol.o)
                0x0801110c                _strtol_r
 .text.strtol   0x08011220       0x18 c:/skuksenk/tools/embitz_042/share/em_armgcc/bin/../lib/gcc/arm-none-eabi/4.8.4/../../../../arm-none-eabi/lib/armv7-m\libg.a(lib_a-strtol.o)
                0x08011220                strtol
 *(.glue_7)
 .glue_7        0x00000000        0x0 linker stubs
 *(.glue_7t)
 .glue_7t       0x00000000        0x0 linker stubs
 *(.eh_frame)
 *(.init)
 *(.fini)
                0x08011238                . = ALIGN (0x4)
                0x08011238                _etext = .

.vfp11_veneer   0x08011238        0x0
 .vfp11_veneer  0x00000000        0x0 linker stubs

.v4_bx          0x08011238        0x0
 .v4_bx         0x00000000        0x0 linker stubs

.iplt           0x08011238        0x0
 .iplt          0x00000000        0x0 obj\debug\~#\lib\freertosv8.2.3\freertos\source\list.o

.rodata         0x08011238     0x1438
                0x08011238                . = ALIGN (0x4)
 *(.rodata)
 .rodata        0x08011238        0x8 obj\debug\~#\lib\freertosv8.2.3\freertos\source\tasks.o
 .rodata        0x08011240       0x10 obj\debug\cmsis\src\system_stm32f1xx.o
                0x08011240                AHBPrescTable
 .rodata        0x08011250       0xa0 obj\debug\gui\src\adc_calibration_form.o
 .rodata        0x080112f0       0x10 obj\debug\gui\src\buttons_mapping.o
 .rodata        0x08011300       0x38 obj\debug\gui\src\calibration_params_form.o
                0x08011300                pageName
 .rodata        0x08011338       0xbc obj\debug\gui\src\gui.o
                0x08011338                chName
 .rodata        0x080113f4       0x78 obj\debug\gui\src\lcd_params.o
 .rodata        0x0801146c      0x388 obj\debug\gui\src\menu_form.o
                0x0801146c                menu_000
                0x0801147c                menu_001
                0x08011488                menu_002
                0x08011498                menu_003
                0x080114a4                menu_004
                0x080114b4                menu_005
                0x080114c8                menu_006
                0x080114d4                menu_007
                0x080114e0                menu_008
                0x080114ec                menu_009
                0x080114f8                menu_010
                0x08011504                menu_100
                0x08011510                menu_101
                0x08011524                menu_102
                0x08011530                menu_103
                0x08011544                menu_104
                0x08011558                menu_105
                0x08011564                menu_106
                0x08011578                menu_107
                0x0801158c                menu_108
                0x08011598                menu_200
                0x080115a4                menu_201
                0x080115b0                menu_202
                0x080115bc                menu_203
                0x080115c8                menu_204
                0x080115d4                menu_205
                0x080115e0                menu_206
                0x080115ec                menu_207
                0x080115f8                menu_208
                0x08011604                menu_300
                0x08011610                menu_301
                0x0801161c                menu_302
                0x08011628                menu_303
                0x08011634                menu_304
                0x08011640                menu_305
                0x0801164c                menu
                0x080117f0                LastMenuItem
 .rodata        0x080117f4       0x30 obj\debug\gui\src\reset_parameters_form.o
 .rodata        0x08011824       0x30 obj\debug\gui\src\save_parameters_form.o
 .rodata        0x08011854       0x10 obj\debug\gui\src\trimmer_form.o
 .rodata        0x08011864       0x2c obj\debug\hal\src\stm32f1xx_hal_rcc.o
                0x08011864                aAPBAHBPrescTable
 .rodata        0x08011890       0x1c obj\debug\hal\src\stm32f1xx_hal_rcc_ex.o
 .rodata        0x080118ac        0xc obj\debug\src\adc.o
 .rodata        0x080118b8        0xc obj\debug\src\buttons.o
 .rodata        0x080118c4        0xc obj\debug\src\encoder.o
 .rodata        0x080118d0      0xc2c obj\debug\src\lcd.o
                0x080118d0                FONT6x8
                0x08011bd8                FONT8x8
                0x08011ee0                FONT8x16
 .rodata        0x080124fc       0x18 obj\debug\src\main.o
                0x080124fc                xHeapRegions
 .rodata        0x08012514        0x8 obj\debug\src\usb_device.o
 .rodata        0x0801251c       0x4c obj\debug\src\usbd_desc.o
 *(.rodata*)
 .rodata._ctype_
                0x08012568      0x104 c:/skuksenk/tools/embitz_042/share/em_armgcc/bin/../lib/gcc/arm-none-eabi/4.8.4/../../../../arm-none-eabi/lib/armv7-m\libg.a(lib_a-ctype_.o)
                0x08012568                _ctype_
 .rodata.str1.4
                0x0801266c        0x4 c:/skuksenk/tools/embitz_042/share/em_armgcc/bin/../lib/gcc/arm-none-eabi/4.8.4/../../../../arm-none-eabi/lib/armv7-m\libg.a(lib_a-impure.o)
                0x08012670                . = ALIGN (0x4)

.rel.dyn        0x08012670        0x0
 .rel.iplt      0x00000000        0x0 obj\debug\~#\lib\freertosv8.2.3\freertos\source\list.o

.ARM.extab
 *(.ARM.extab* .gnu.linkonce.armextab.*)

.ARM            0x08012670        0x0
                0x08012670                __exidx_start = .
 *(.ARM.exidx*)
                0x08012670                __exidx_end = .

.preinit_array  0x08012670        0x0
                0x08012670                PROVIDE (__preinit_array_start, .)
 *(.preinit_array*)
                0x08012670                PROVIDE (__preinit_array_end, .)

.init_array     0x08012670        0x0
                0x08012670                PROVIDE (__init_array_start, .)
 *(SORT(.init_array.*))
 *(.init_array*)
                0x08012670                PROVIDE (__init_array_end, .)

.fini_array     0x08012670        0x0
                0x08012670                PROVIDE (__fini_array_start, .)
 *(SORT(.fini_array.*))
 *(.fini_array*)
                0x08012670                PROVIDE (__fini_array_end, .)
                0x08012670                _sidata = LOADADDR (.data)

.data           0x20000000      0x564 load address 0x08012670
                0x20000000                . = ALIGN (0x4)
                0x20000000                _sdata = .
 *(.data)
 .data          0x20000000        0x4 obj\debug\~#\lib\freertosv8.2.3\freertos\source\portable\gcc\arm_cm3\port.o
 .data          0x20000004        0x4 obj\debug\cmsis\src\system_stm32f1xx.o
                0x20000004                SystemCoreClock
 .data          0x20000008        0x1 obj\debug\gui\src\menu_form.o
 *fill*         0x20000009        0x1 
 .data          0x2000000a        0x4 obj\debug\gui\src\trimmer_form.o
                0x2000000a                xCalibrated
                0x2000000c                yCalibrated
 .data          0x2000000e        0x1 obj\debug\src\encoder.o
                0x2000000e                LastButtonState
 *fill*         0x2000000f        0x1 
 .data          0x20000010       0x44 obj\debug\src\ppmsig.o
                0x20000010                Values
 .data          0x20000054       0x34 obj\debug\src\usbd_desc.o
                0x20000054                FS_Desc
                0x20000070                USBD_FS_DeviceDesc
                0x20000084                USBD_LangIDDesc
 .data          0x20000088       0xac obj\debug\stm32_usb_device_library\class\hid\src\usbd_hid.o
                0x20000088                USBD_HID
 *(.data*)
 .data.__ctype_ptr__
                0x20000134        0x4 c:/skuksenk/tools/embitz_042/share/em_armgcc/bin/../lib/gcc/arm-none-eabi/4.8.4/../../../../arm-none-eabi/lib/armv7-m\libg.a(lib_a-ctype_.o)
                0x20000134                __ctype_ptr__
 .data.impure_data
                0x20000138      0x428 c:/skuksenk/tools/embitz_042/share/em_armgcc/bin/../lib/gcc/arm-none-eabi/4.8.4/../../../../arm-none-eabi/lib/armv7-m\libg.a(lib_a-impure.o)
 .data._impure_ptr
                0x20000560        0x4 c:/skuksenk/tools/embitz_042/share/em_armgcc/bin/../lib/gcc/arm-none-eabi/4.8.4/../../../../arm-none-eabi/lib/armv7-m\libg.a(lib_a-impure.o)
                0x20000560                _impure_ptr
                0x20000564                . = ALIGN (0x4)
                0x20000564                _edata = .

.igot.plt       0x20000564        0x0 load address 0x08012bd4
 .igot.plt      0x00000000        0x0 obj\debug\~#\lib\freertosv8.2.3\freertos\source\list.o
                0x20000564                . = ALIGN (0x4)

.bss            0x20000564      0xb24 load address 0x08012bd4
                0x20000564                _sbss = .
                0x20000564                __bss_start__ = _sbss
 *(.bss)
 .bss           0x20000564       0x18 obj\debug\~#\lib\freertosv8.2.3\freertos\source\portable\memmang\heap_5.o
 .bss           0x2000057c      0x100 obj\debug\~#\lib\freertosv8.2.3\freertos\source\tasks.o
                0x2000057c                pxCurrentTCB
 .bss           0x2000067c        0x1 obj\debug\gui\src\adc_calibration_form.o
                0x2000067c                Stage
 .bss           0x2000067d        0x2 obj\debug\gui\src\buttons_mapping.o
                0x2000067d                bm_editMode
                0x2000067e                bm_CursorPos
 .bss           0x2000067f        0x3 obj\debug\gui\src\calibration_params_form.o
                0x2000067f                cpfPosX
                0x20000680                cpfPage
                0x20000681                editMode
 *fill*         0x20000682        0x2 
 .bss           0x20000684        0xc obj\debug\gui\src\gui.o
                0x20000684                LastEvent
                0x20000688                ButtonsOld
                0x2000068c                ButtonsCur
 .bss           0x20000690        0x8 obj\debug\gui\src\lcd_params.o
                0x20000690                lcdpf_CursorPos_Y
                0x20000694                lcdpf_EditMode
 .bss           0x20000698        0x1 obj\debug\gui\src\trimmer_form.o
                0x20000698                stick
 *fill*         0x20000699        0x3 
 .bss           0x2000069c        0x4 obj\debug\hal\src\stm32f1xx_hal.o
 .bss           0x200006a0        0xc obj\debug\src\adc.o
                0x200006a0                CalibrateMode
 .bss           0x200006ac        0x6 obj\debug\src\encoder.o
                0x200006ac                EncoderValue
                0x200006ae                EncoderDelta
                0x200006af                EncoderSwitch
                0x200006b0                EncButtonTime
 .bss           0x200006b2        0x4 obj\debug\src\lcd.o
                0x200006b2                CurrentBuffer
                0x200006b3                inbuf
                0x200006b4                busy_flag
                0x200006b5                ScreenDirectoin
 .bss           0x200006b6        0x4 obj\debug\src\ppmsig.o
                0x200006b6                CurrentChannel
                0x200006b7                CurrentArray
                0x200006b8                CounterVal
 *fill*         0x200006ba        0x2 
 .bss           0x200006bc       0x14 obj\debug\src\usbd_conf.o
 .bss           0x200006d0        0x1 obj\debug\stm32_usb_device_library\core\src\usbd_ctlreq.o
 *(.bss*)
 *(COMMON)
 *fill*         0x200006d1        0x3 
 COMMON         0x200006d4       0x20 obj\debug\gui\src\buttons_mapping.o
                0x200006d4                stri
                0x200006d8                str
                0x200006f0                len
 COMMON         0x200006f4        0x8 obj\debug\gui\src\gui.o
                0x200006f4                event_queue
                0x200006f8                CurrentFormProc
 COMMON         0x200006fc       0x90 obj\debug\src\adc.o
                0x200006fc                ADC_data_calibrated
                0x2000072c                adc_queue
                0x20000730                ADC_Params
                0x20000734                adc_buffer
                0x2000075c                ADC_data
 COMMON         0x2000078c        0x4 obj\debug\src\buttons.o
                0x2000078c                Buttons
 COMMON         0x20000790       0x1a obj\debug\src\lcd.o
                0x20000790                ResetPin
                0x20000798                SPI_DMA_TX_Buffer
 *fill*         0x200007aa        0x2 
 COMMON         0x200007ac       0xfc obj\debug\src\main.o
                0x200007ac                SaveParametersAddr
                0x200007b0                Parameters
 COMMON         0x200008a8      0x236 obj\debug\src\usb_device.o
                0x200008a8                hUsbDeviceFS
                0x20000acc                gamePadReport
 *fill*         0x20000ade        0x2 
 COMMON         0x20000ae0      0x3a8 obj\debug\src\usbd_conf.o
                0x20000ae0                hpcd_USB_OTG_FS
 COMMON         0x20000e88      0x200 obj\debug\src\usbd_desc.o
                0x20000e88                USBD_StrDesc
                0x20001088                . = ALIGN (0x4)
                0x20001088                _ebss = .
                0x20001088                __bss_end__ = _ebss

._user_heap_stack
                0x20001088      0x400 load address 0x08012bd4
                0x20001088                . = ALIGN (0x4)
                0x20001088                PROVIDE (end, .)
                0x20001088                PROVIDE (_end, .)
                0x20001088                . = (. + _Min_Heap_Size)
                0x20001488                . = (. + _Min_Stack_Size)
 *fill*         0x20001088      0x400 
                0x20001488                . = ALIGN (0x4)

/DISCARD/
 libc.a(*)
 libm.a(*)
 libgcc.a(*)

.ARM.attributes
                0x00000000       0x31
 *(.ARM.attributes)
 .ARM.attributes
                0x00000000       0x33 obj\debug\~#\lib\freertosv8.2.3\freertos\source\list.o
 .ARM.attributes
                0x00000033       0x33 obj\debug\~#\lib\freertosv8.2.3\freertos\source\portable\gcc\arm_cm3\port.o
 .ARM.attributes
                0x00000066       0x33 obj\debug\~#\lib\freertosv8.2.3\freertos\source\portable\memmang\heap_5.o
 .ARM.attributes
                0x00000099       0x33 obj\debug\~#\lib\freertosv8.2.3\freertos\source\queue.o
 .ARM.attributes
                0x000000cc       0x33 obj\debug\~#\lib\freertosv8.2.3\freertos\source\tasks.o
 .ARM.attributes
                0x000000ff       0x33 obj\debug\~#\mylibs\mylib.o
 .ARM.attributes
                0x00000132       0x33 obj\debug\cmsis\src\system_stm32f1xx.o
 .ARM.attributes
                0x00000165       0x33 obj\debug\gui\src\adc_calibration_form.o
 .ARM.attributes
                0x00000198       0x33 obj\debug\gui\src\adc_data_form.o
 .ARM.attributes
                0x000001cb       0x33 obj\debug\gui\src\buttons_mapping.o
 .ARM.attributes
                0x000001fe       0x33 obj\debug\gui\src\calibration_params_form.o
 .ARM.attributes
                0x00000231       0x33 obj\debug\gui\src\gui.o
 .ARM.attributes
                0x00000264       0x33 obj\debug\gui\src\lcd_params.o
 .ARM.attributes
                0x00000297       0x33 obj\debug\gui\src\menu_form.o
 .ARM.attributes
                0x000002ca       0x33 obj\debug\gui\src\reset_parameters_form.o
 .ARM.attributes
                0x000002fd       0x33 obj\debug\gui\src\save_parameters_form.o
 .ARM.attributes
                0x00000330       0x33 obj\debug\gui\src\trimmer_form.o
 .ARM.attributes
                0x00000363       0x33 obj\debug\hal\src\stm32f1xx_hal.o
 .ARM.attributes
                0x00000396       0x33 obj\debug\hal\src\stm32f1xx_hal_cortex.o
 .ARM.attributes
                0x000003c9       0x33 obj\debug\hal\src\stm32f1xx_hal_gpio.o
 .ARM.attributes
                0x000003fc       0x33 obj\debug\hal\src\stm32f1xx_hal_pcd.o
 .ARM.attributes
                0x0000042f       0x33 obj\debug\hal\src\stm32f1xx_hal_pcd_ex.o
 .ARM.attributes
                0x00000462       0x33 obj\debug\hal\src\stm32f1xx_hal_rcc.o
 .ARM.attributes
                0x00000495       0x33 obj\debug\hal\src\stm32f1xx_hal_rcc_ex.o
 .ARM.attributes
                0x000004c8       0x33 obj\debug\hal\src\stm32f1xx_ll_usb.o
 .ARM.attributes
                0x000004fb       0x33 obj\debug\src\adc.o
 .ARM.attributes
                0x0000052e       0x33 obj\debug\src\buttons.o
 .ARM.attributes
                0x00000561       0x33 obj\debug\src\encoder.o
 .ARM.attributes
                0x00000594       0x33 obj\debug\src\flash.o
 .ARM.attributes
                0x000005c7       0x33 obj\debug\src\lcd.o
 .ARM.attributes
                0x000005fa       0x33 obj\debug\src\main.o
 .ARM.attributes
                0x0000062d       0x33 obj\debug\src\ppmsig.o
 .ARM.attributes
                0x00000660       0x21 obj\debug\src\startup_stm32f105xc.o
 .ARM.attributes
                0x00000681       0x33 obj\debug\src\usb_device.o
 .ARM.attributes
                0x000006b4       0x33 obj\debug\src\usbd_conf.o
 .ARM.attributes
                0x000006e7       0x33 obj\debug\src\usbd_desc.o
 .ARM.attributes
                0x0000071a       0x33 obj\debug\stm32_usb_device_library\class\hid\src\usbd_hid.o
 .ARM.attributes
                0x0000074d       0x33 obj\debug\stm32_usb_device_library\core\src\usbd_core.o
 .ARM.attributes
                0x00000780       0x33 obj\debug\stm32_usb_device_library\core\src\usbd_ctlreq.o
 .ARM.attributes
                0x000007b3       0x33 obj\debug\stm32_usb_device_library\core\src\usbd_ioreq.o
 .ARM.attributes
                0x000007e6       0x1d c:/skuksenk/tools/embitz_042/share/em_armgcc/bin/../lib/gcc/arm-none-eabi/4.8.4/armv7-m\libgcc.a(_arm_addsubdf3.o)
 .ARM.attributes
                0x00000803       0x1d c:/skuksenk/tools/embitz_042/share/em_armgcc/bin/../lib/gcc/arm-none-eabi/4.8.4/armv7-m\libgcc.a(_arm_muldivdf3.o)
 .ARM.attributes
                0x00000820       0x1d c:/skuksenk/tools/embitz_042/share/em_armgcc/bin/../lib/gcc/arm-none-eabi/4.8.4/armv7-m\libgcc.a(_arm_fixdfsi.o)
 .ARM.attributes
                0x0000083d       0x1d c:/skuksenk/tools/embitz_042/share/em_armgcc/bin/../lib/gcc/arm-none-eabi/4.8.4/armv7-m\libgcc.a(_arm_addsubsf3.o)
 .ARM.attributes
                0x0000085a       0x1d c:/skuksenk/tools/embitz_042/share/em_armgcc/bin/../lib/gcc/arm-none-eabi/4.8.4/armv7-m\libgcc.a(_arm_muldivsf3.o)
 .ARM.attributes
                0x00000877       0x1d c:/skuksenk/tools/embitz_042/share/em_armgcc/bin/../lib/gcc/arm-none-eabi/4.8.4/armv7-m\libgcc.a(_arm_fixsfsi.o)
 .ARM.attributes
                0x00000894       0x2d c:/skuksenk/tools/embitz_042/share/em_armgcc/bin/../lib/gcc/arm-none-eabi/4.8.4/../../../../arm-none-eabi/lib/armv7-m\libg.a(lib_a-atoi.o)
 .ARM.attributes
                0x000008c1       0x1b c:/skuksenk/tools/embitz_042/share/em_armgcc/bin/../lib/gcc/arm-none-eabi/4.8.4/../../../../arm-none-eabi/lib/armv7-m\libg.a(lib_a-memcpy.o)
 .ARM.attributes
                0x000008dc       0x2d c:/skuksenk/tools/embitz_042/share/em_armgcc/bin/../lib/gcc/arm-none-eabi/4.8.4/../../../../arm-none-eabi/lib/armv7-m\libg.a(lib_a-memset.o)
 .ARM.attributes
                0x00000909       0x2d c:/skuksenk/tools/embitz_042/share/em_armgcc/bin/../lib/gcc/arm-none-eabi/4.8.4/../../../../arm-none-eabi/lib/armv7-m\libg.a(lib_a-strlen.o)
 .ARM.attributes
                0x00000936       0x2d c:/skuksenk/tools/embitz_042/share/em_armgcc/bin/../lib/gcc/arm-none-eabi/4.8.4/../../../../arm-none-eabi/lib/armv7-m\libg.a(lib_a-strtol.o)
 .ARM.attributes
                0x00000963       0x2d c:/skuksenk/tools/embitz_042/share/em_armgcc/bin/../lib/gcc/arm-none-eabi/4.8.4/../../../../arm-none-eabi/lib/armv7-m\libg.a(lib_a-ctype_.o)
 .ARM.attributes
                0x00000990       0x2d c:/skuksenk/tools/embitz_042/share/em_armgcc/bin/../lib/gcc/arm-none-eabi/4.8.4/../../../../arm-none-eabi/lib/armv7-m\libg.a(lib_a-impure.o)
LOAD obj\debug\~#\lib\freertosv8.2.3\freertos\source\list.o
LOAD obj\debug\~#\lib\freertosv8.2.3\freertos\source\portable\gcc\arm_cm3\port.o
LOAD obj\debug\~#\lib\freertosv8.2.3\freertos\source\portable\memmang\heap_5.o
LOAD obj\debug\~#\lib\freertosv8.2.3\freertos\source\queue.o
LOAD obj\debug\~#\lib\freertosv8.2.3\freertos\source\tasks.o
LOAD obj\debug\~#\mylibs\mylib.o
LOAD obj\debug\cmsis\src\system_stm32f1xx.o
LOAD obj\debug\gui\src\adc_calibration_form.o
LOAD obj\debug\gui\src\adc_data_form.o
LOAD obj\debug\gui\src\buttons_mapping.o
LOAD obj\debug\gui\src\calibration_params_form.o
LOAD obj\debug\gui\src\gui.o
LOAD obj\debug\gui\src\lcd_params.o
LOAD obj\debug\gui\src\menu_form.o
LOAD obj\debug\gui\src\reset_parameters_form.o
LOAD obj\debug\gui\src\save_parameters_form.o
LOAD obj\debug\gui\src\trimmer_form.o
LOAD obj\debug\hal\src\stm32f1xx_hal.o
LOAD obj\debug\hal\src\stm32f1xx_hal_cortex.o
LOAD obj\debug\hal\src\stm32f1xx_hal_flash.o
LOAD obj\debug\hal\src\stm32f1xx_hal_flash_ex.o
LOAD obj\debug\hal\src\stm32f1xx_hal_gpio.o
LOAD obj\debug\hal\src\stm32f1xx_hal_pcd.o
LOAD obj\debug\hal\src\stm32f1xx_hal_pcd_ex.o
LOAD obj\debug\hal\src\stm32f1xx_hal_pwr.o
LOAD obj\debug\hal\src\stm32f1xx_hal_rcc.o
LOAD obj\debug\hal\src\stm32f1xx_hal_rcc_ex.o
LOAD obj\debug\hal\src\stm32f1xx_ll_usb.o
LOAD obj\debug\src\adc.o
LOAD obj\debug\src\buttons.o
LOAD obj\debug\src\encoder.o
LOAD obj\debug\src\flash.o
LOAD obj\debug\src\lcd.o
LOAD obj\debug\src\main.o
LOAD obj\debug\src\ppmsig.o
LOAD obj\debug\src\startup_stm32f105xc.o
LOAD obj\debug\src\usb_device.o
LOAD obj\debug\src\usbd_conf.o
LOAD obj\debug\src\usbd_desc.o
LOAD obj\debug\stm32_usb_device_library\class\hid\src\usbd_hid.o
LOAD obj\debug\stm32_usb_device_library\core\src\usbd_core.o
LOAD obj\debug\stm32_usb_device_library\core\src\usbd_ctlreq.o
LOAD obj\debug\stm32_usb_device_library\core\src\usbd_ioreq.o
START GROUP
LOAD c:/skuksenk/tools/embitz_042/share/em_armgcc/bin/../lib/gcc/arm-none-eabi/4.8.4/armv7-m\libgcc.a
LOAD c:/skuksenk/tools/embitz_042/share/em_armgcc/bin/../lib/gcc/arm-none-eabi/4.8.4/../../../../arm-none-eabi/lib/armv7-m\libg.a
LOAD c:/skuksenk/tools/embitz_042/share/em_armgcc/bin/../lib/gcc/arm-none-eabi/4.8.4/../../../../arm-none-eabi/lib/armv7-m\libc.a
END GROUP
START GROUP
LOAD c:/skuksenk/tools/embitz_042/share/em_armgcc/bin/../lib/gcc/arm-none-eabi/4.8.4/armv7-m\libgcc.a
LOAD c:/skuksenk/tools/embitz_042/share/em_armgcc/bin/../lib/gcc/arm-none-eabi/4.8.4/../../../../arm-none-eabi/lib/armv7-m\libc.a
LOAD c:/skuksenk/tools/embitz_042/share/em_armgcc/bin/../lib/gcc/arm-none-eabi/4.8.4/../../../../arm-none-eabi/lib/armv7-m\libnosys.a
END GROUP
OUTPUT(bin\Debug\STM32F105_GamePad.elf elf32-littlearm)

.debug_info     0x00000000    0x14d52
 .debug_info    0x00000000      0x29d obj\debug\~#\lib\freertosv8.2.3\freertos\source\list.o
 .debug_info    0x0000029d      0x238 obj\debug\~#\lib\freertosv8.2.3\freertos\source\portable\gcc\arm_cm3\port.o
 .debug_info    0x000004d5      0x346 obj\debug\~#\lib\freertosv8.2.3\freertos\source\portable\memmang\heap_5.o
 .debug_info    0x0000081b      0xa71 obj\debug\~#\lib\freertosv8.2.3\freertos\source\queue.o
 .debug_info    0x0000128c     0x1566 obj\debug\~#\lib\freertosv8.2.3\freertos\source\tasks.o
 .debug_info    0x000027f2      0x251 obj\debug\~#\mylibs\mylib.o
 .debug_info    0x00002a43      0x3da obj\debug\cmsis\src\system_stm32f1xx.o
 .debug_info    0x00002e1d      0x2ef obj\debug\gui\src\adc_calibration_form.o
 .debug_info    0x0000310c      0x1b8 obj\debug\gui\src\adc_data_form.o
 .debug_info    0x000032c4      0x43f obj\debug\gui\src\buttons_mapping.o
 .debug_info    0x00003703      0x433 obj\debug\gui\src\calibration_params_form.o
 .debug_info    0x00003b36      0x3b2 obj\debug\gui\src\gui.o
 .debug_info    0x00003ee8      0x390 obj\debug\gui\src\lcd_params.o
 .debug_info    0x00004278      0x5f2 obj\debug\gui\src\menu_form.o
 .debug_info    0x0000486a      0x309 obj\debug\gui\src\reset_parameters_form.o
 .debug_info    0x00004b73      0x2bf obj\debug\gui\src\save_parameters_form.o
 .debug_info    0x00004e32      0x39d obj\debug\gui\src\trimmer_form.o
 .debug_info    0x000051cf      0x6c1 obj\debug\hal\src\stm32f1xx_hal.o
 .debug_info    0x00005890      0xb03 obj\debug\hal\src\stm32f1xx_hal_cortex.o
 .debug_info    0x00006393      0x5fc obj\debug\hal\src\stm32f1xx_hal_gpio.o
 .debug_info    0x0000698f      0xe5b obj\debug\hal\src\stm32f1xx_hal_pcd.o
 .debug_info    0x000077ea      0x563 obj\debug\hal\src\stm32f1xx_hal_pcd_ex.o
 .debug_info    0x00007d4d     0x2c84 obj\debug\hal\src\stm32f1xx_hal_rcc.o
 .debug_info    0x0000a9d1     0x15aa obj\debug\hal\src\stm32f1xx_hal_rcc_ex.o
 .debug_info    0x0000bf7b     0x1345 obj\debug\hal\src\stm32f1xx_ll_usb.o
 .debug_info    0x0000d2c0      0xc6e obj\debug\src\adc.o
 .debug_info    0x0000df2e      0x35c obj\debug\src\buttons.o
 .debug_info    0x0000e28a      0x48c obj\debug\src\encoder.o
 .debug_info    0x0000e716      0x286 obj\debug\src\flash.o
 .debug_info    0x0000e99c     0x1123 obj\debug\src\lcd.o
 .debug_info    0x0000fabf      0x7dc obj\debug\src\main.o
 .debug_info    0x0001029b      0x905 obj\debug\src\ppmsig.o
 .debug_info    0x00010ba0       0x6a obj\debug\src\startup_stm32f105xc.o
 .debug_info    0x00010c0a      0xb22 obj\debug\src\usb_device.o
 .debug_info    0x0001172c     0x1342 obj\debug\src\usbd_conf.o
 .debug_info    0x00012a6e      0x373 obj\debug\src\usbd_desc.o
 .debug_info    0x00012de1      0x7be obj\debug\stm32_usb_device_library\class\hid\src\usbd_hid.o
 .debug_info    0x0001359f      0x8fb obj\debug\stm32_usb_device_library\core\src\usbd_core.o
 .debug_info    0x00013e9a      0x85c obj\debug\stm32_usb_device_library\core\src\usbd_ctlreq.o
 .debug_info    0x000146f6      0x65c obj\debug\stm32_usb_device_library\core\src\usbd_ioreq.o

.debug_abbrev   0x00000000     0x3c4b
 .debug_abbrev  0x00000000       0xbe obj\debug\~#\lib\freertosv8.2.3\freertos\source\list.o
 .debug_abbrev  0x000000be      0x162 obj\debug\~#\lib\freertosv8.2.3\freertos\source\portable\gcc\arm_cm3\port.o
 .debug_abbrev  0x00000220      0x148 obj\debug\~#\lib\freertosv8.2.3\freertos\source\portable\memmang\heap_5.o
 .debug_abbrev  0x00000368      0x177 obj\debug\~#\lib\freertosv8.2.3\freertos\source\queue.o
 .debug_abbrev  0x000004df      0x276 obj\debug\~#\lib\freertosv8.2.3\freertos\source\tasks.o
 .debug_abbrev  0x00000755       0xf8 obj\debug\~#\mylibs\mylib.o
 .debug_abbrev  0x0000084d      0x101 obj\debug\cmsis\src\system_stm32f1xx.o
 .debug_abbrev  0x0000094e       0xf9 obj\debug\gui\src\adc_calibration_form.o
 .debug_abbrev  0x00000a47       0xe2 obj\debug\gui\src\adc_data_form.o
 .debug_abbrev  0x00000b29      0x140 obj\debug\gui\src\buttons_mapping.o
 .debug_abbrev  0x00000c69      0x129 obj\debug\gui\src\calibration_params_form.o
 .debug_abbrev  0x00000d92      0x116 obj\debug\gui\src\gui.o
 .debug_abbrev  0x00000ea8      0x120 obj\debug\gui\src\lcd_params.o
 .debug_abbrev  0x00000fc8      0x140 obj\debug\gui\src\menu_form.o
 .debug_abbrev  0x00001108       0xfa obj\debug\gui\src\reset_parameters_form.o
 .debug_abbrev  0x00001202       0xd7 obj\debug\gui\src\save_parameters_form.o
 .debug_abbrev  0x000012d9      0x133 obj\debug\gui\src\trimmer_form.o
 .debug_abbrev  0x0000140c      0x1fe obj\debug\hal\src\stm32f1xx_hal.o
 .debug_abbrev  0x0000160a      0x265 obj\debug\hal\src\stm32f1xx_hal_cortex.o
 .debug_abbrev  0x0000186f      0x1aa obj\debug\hal\src\stm32f1xx_hal_gpio.o
 .debug_abbrev  0x00001a19      0x238 obj\debug\hal\src\stm32f1xx_hal_pcd.o
 .debug_abbrev  0x00001c51      0x169 obj\debug\hal\src\stm32f1xx_hal_pcd_ex.o
 .debug_abbrev  0x00001dba      0x2b6 obj\debug\hal\src\stm32f1xx_hal_rcc.o
 .debug_abbrev  0x00002070      0x205 obj\debug\hal\src\stm32f1xx_hal_rcc_ex.o
 .debug_abbrev  0x00002275      0x213 obj\debug\hal\src\stm32f1xx_ll_usb.o
 .debug_abbrev  0x00002488      0x233 obj\debug\src\adc.o
 .debug_abbrev  0x000026bb      0x15e obj\debug\src\buttons.o
 .debug_abbrev  0x00002819      0x119 obj\debug\src\encoder.o
 .debug_abbrev  0x00002932      0x12e obj\debug\src\flash.o
 .debug_abbrev  0x00002a60      0x25f obj\debug\src\lcd.o
 .debug_abbrev  0x00002cbf      0x19e obj\debug\src\main.o
 .debug_abbrev  0x00002e5d      0x1ed obj\debug\src\ppmsig.o
 .debug_abbrev  0x0000304a       0x12 obj\debug\src\startup_stm32f105xc.o
 .debug_abbrev  0x0000305c      0x1d8 obj\debug\src\usb_device.o
 .debug_abbrev  0x00003234      0x253 obj\debug\src\usbd_conf.o
 .debug_abbrev  0x00003487      0x13a obj\debug\src\usbd_desc.o
 .debug_abbrev  0x000035c1      0x1b9 obj\debug\stm32_usb_device_library\class\hid\src\usbd_hid.o
 .debug_abbrev  0x0000377a      0x1bb obj\debug\stm32_usb_device_library\core\src\usbd_core.o
 .debug_abbrev  0x00003935      0x1eb obj\debug\stm32_usb_device_library\core\src\usbd_ctlreq.o
 .debug_abbrev  0x00003b20      0x12b obj\debug\stm32_usb_device_library\core\src\usbd_ioreq.o

.debug_aranges  0x00000000      0x508
 .debug_aranges
                0x00000000       0x20 obj\debug\~#\lib\freertosv8.2.3\freertos\source\list.o
 .debug_aranges
                0x00000020       0x20 obj\debug\~#\lib\freertosv8.2.3\freertos\source\portable\gcc\arm_cm3\port.o
 .debug_aranges
                0x00000040       0x20 obj\debug\~#\lib\freertosv8.2.3\freertos\source\portable\memmang\heap_5.o
 .debug_aranges
                0x00000060       0x20 obj\debug\~#\lib\freertosv8.2.3\freertos\source\queue.o
 .debug_aranges
                0x00000080       0x20 obj\debug\~#\lib\freertosv8.2.3\freertos\source\tasks.o
 .debug_aranges
                0x000000a0       0x20 obj\debug\~#\mylibs\mylib.o
 .debug_aranges
                0x000000c0       0x20 obj\debug\cmsis\src\system_stm32f1xx.o
 .debug_aranges
                0x000000e0       0x20 obj\debug\gui\src\adc_calibration_form.o
 .debug_aranges
                0x00000100       0x20 obj\debug\gui\src\adc_data_form.o
 .debug_aranges
                0x00000120       0x20 obj\debug\gui\src\buttons_mapping.o
 .debug_aranges
                0x00000140       0x20 obj\debug\gui\src\calibration_params_form.o
 .debug_aranges
                0x00000160       0x20 obj\debug\gui\src\gui.o
 .debug_aranges
                0x00000180       0x20 obj\debug\gui\src\lcd_params.o
 .debug_aranges
                0x000001a0       0x20 obj\debug\gui\src\menu_form.o
 .debug_aranges
                0x000001c0       0x20 obj\debug\gui\src\reset_parameters_form.o
 .debug_aranges
                0x000001e0       0x20 obj\debug\gui\src\save_parameters_form.o
 .debug_aranges
                0x00000200       0x20 obj\debug\gui\src\trimmer_form.o
 .debug_aranges
                0x00000220       0x20 obj\debug\hal\src\stm32f1xx_hal.o
 .debug_aranges
                0x00000240       0x20 obj\debug\hal\src\stm32f1xx_hal_cortex.o
 .debug_aranges
                0x00000260       0x20 obj\debug\hal\src\stm32f1xx_hal_gpio.o
 .debug_aranges
                0x00000280       0x20 obj\debug\hal\src\stm32f1xx_hal_pcd.o
 .debug_aranges
                0x000002a0       0x20 obj\debug\hal\src\stm32f1xx_hal_pcd_ex.o
 .debug_aranges
                0x000002c0       0x20 obj\debug\hal\src\stm32f1xx_hal_rcc.o
 .debug_aranges
                0x000002e0       0x20 obj\debug\hal\src\stm32f1xx_hal_rcc_ex.o
 .debug_aranges
                0x00000300       0x20 obj\debug\hal\src\stm32f1xx_ll_usb.o
 .debug_aranges
                0x00000320       0x20 obj\debug\src\adc.o
 .debug_aranges
                0x00000340       0x20 obj\debug\src\buttons.o
 .debug_aranges
                0x00000360       0x20 obj\debug\src\encoder.o
 .debug_aranges
                0x00000380       0x20 obj\debug\src\flash.o
 .debug_aranges
                0x000003a0       0x20 obj\debug\src\lcd.o
 .debug_aranges
                0x000003c0       0x20 obj\debug\src\main.o
 .debug_aranges
                0x000003e0       0x20 obj\debug\src\ppmsig.o
 .debug_aranges
                0x00000400       0x28 obj\debug\src\startup_stm32f105xc.o
 .debug_aranges
                0x00000428       0x20 obj\debug\src\usb_device.o
 .debug_aranges
                0x00000448       0x20 obj\debug\src\usbd_conf.o
 .debug_aranges
                0x00000468       0x20 obj\debug\src\usbd_desc.o
 .debug_aranges
                0x00000488       0x20 obj\debug\stm32_usb_device_library\class\hid\src\usbd_hid.o
 .debug_aranges
                0x000004a8       0x20 obj\debug\stm32_usb_device_library\core\src\usbd_core.o
 .debug_aranges
                0x000004c8       0x20 obj\debug\stm32_usb_device_library\core\src\usbd_ctlreq.o
 .debug_aranges
                0x000004e8       0x20 obj\debug\stm32_usb_device_library\core\src\usbd_ioreq.o

.debug_line     0x00000000     0x72a5
 .debug_line    0x00000000      0x1c7 obj\debug\~#\lib\freertosv8.2.3\freertos\source\list.o
 .debug_line    0x000001c7      0x1c8 obj\debug\~#\lib\freertosv8.2.3\freertos\source\portable\gcc\arm_cm3\port.o
 .debug_line    0x0000038f      0x2a4 obj\debug\~#\lib\freertosv8.2.3\freertos\source\portable\memmang\heap_5.o
 .debug_line    0x00000633      0x3f8 obj\debug\~#\lib\freertosv8.2.3\freertos\source\queue.o
 .debug_line    0x00000a2b      0x78b obj\debug\~#\lib\freertosv8.2.3\freertos\source\tasks.o
 .debug_line    0x000011b6      0x151 obj\debug\~#\mylibs\mylib.o
 .debug_line    0x00001307      0x152 obj\debug\cmsis\src\system_stm32f1xx.o
 .debug_line    0x00001459      0x18c obj\debug\gui\src\adc_calibration_form.o
 .debug_line    0x000015e5      0x17b obj\debug\gui\src\adc_data_form.o
 .debug_line    0x00001760      0x1c8 obj\debug\gui\src\buttons_mapping.o
 .debug_line    0x00001928      0x219 obj\debug\gui\src\calibration_params_form.o
 .debug_line    0x00001b41      0x1f8 obj\debug\gui\src\gui.o
 .debug_line    0x00001d39      0x21f obj\debug\gui\src\lcd_params.o
 .debug_line    0x00001f58      0x19d obj\debug\gui\src\menu_form.o
 .debug_line    0x000020f5      0x190 obj\debug\gui\src\reset_parameters_form.o
 .debug_line    0x00002285      0x151 obj\debug\gui\src\save_parameters_form.o
 .debug_line    0x000023d6      0x1a6 obj\debug\gui\src\trimmer_form.o
 .debug_line    0x0000257c      0x20a obj\debug\hal\src\stm32f1xx_hal.o
 .debug_line    0x00002786      0x27e obj\debug\hal\src\stm32f1xx_hal_cortex.o
 .debug_line    0x00002a04      0x2aa obj\debug\hal\src\stm32f1xx_hal_gpio.o
 .debug_line    0x00002cae      0x49d obj\debug\hal\src\stm32f1xx_hal_pcd.o
 .debug_line    0x0000314b      0x19a obj\debug\hal\src\stm32f1xx_hal_pcd_ex.o
 .debug_line    0x000032e5     0x134c obj\debug\hal\src\stm32f1xx_hal_rcc.o
 .debug_line    0x00004631      0x82d obj\debug\hal\src\stm32f1xx_hal_rcc_ex.o
 .debug_line    0x00004e5e      0x4c9 obj\debug\hal\src\stm32f1xx_ll_usb.o
 .debug_line    0x00005327      0x2e0 obj\debug\src\adc.o
 .debug_line    0x00005607      0x1e3 obj\debug\src\buttons.o
 .debug_line    0x000057ea      0x1cf obj\debug\src\encoder.o
 .debug_line    0x000059b9      0x162 obj\debug\src\flash.o
 .debug_line    0x00005b1b      0x3b3 obj\debug\src\lcd.o
 .debug_line    0x00005ece      0x2fc obj\debug\src\main.o
 .debug_line    0x000061ca      0x1a2 obj\debug\src\ppmsig.o
 .debug_line    0x0000636c       0x77 obj\debug\src\startup_stm32f105xc.o
 .debug_line    0x000063e3      0x287 obj\debug\src\usb_device.o
 .debug_line    0x0000666a      0x26d obj\debug\src\usbd_conf.o
 .debug_line    0x000068d7      0x165 obj\debug\src\usbd_desc.o
 .debug_line    0x00006a3c      0x1e9 obj\debug\stm32_usb_device_library\class\hid\src\usbd_hid.o
 .debug_line    0x00006c25      0x23f obj\debug\stm32_usb_device_library\core\src\usbd_core.o
 .debug_line    0x00006e64      0x2c0 obj\debug\stm32_usb_device_library\core\src\usbd_ctlreq.o
 .debug_line    0x00007124      0x181 obj\debug\stm32_usb_device_library\core\src\usbd_ioreq.o

.debug_str      0x00000000     0x4aea
 .debug_str     0x00000000      0x250 obj\debug\~#\lib\freertosv8.2.3\freertos\source\list.o
                                0x29d (size before relaxing)
 .debug_str     0x00000250      0x1a5 obj\debug\~#\lib\freertosv8.2.3\freertos\source\portable\gcc\arm_cm3\port.o
                                0x2f8 (size before relaxing)
 .debug_str     0x000003f5      0x271 obj\debug\~#\lib\freertosv8.2.3\freertos\source\portable\memmang\heap_5.o
                                0x3b7 (size before relaxing)
 .debug_str     0x00000666      0x432 obj\debug\~#\lib\freertosv8.2.3\freertos\source\queue.o
                                0x670 (size before relaxing)
 .debug_str     0x00000a98      0xb04 obj\debug\~#\lib\freertosv8.2.3\freertos\source\tasks.o
                                0xe15 (size before relaxing)
 .debug_str     0x0000159c       0x92 obj\debug\~#\mylibs\mylib.o
                                0x1e5 (size before relaxing)
 .debug_str     0x0000162e      0x139 obj\debug\cmsis\src\system_stm32f1xx.o
                                0x2ae (size before relaxing)
 .debug_str     0x00001767      0x12e obj\debug\gui\src\adc_calibration_form.o
                                0x2e3 (size before relaxing)
 .debug_str     0x00001895       0x4a obj\debug\gui\src\adc_data_form.o
                                0x1bd (size before relaxing)
 .debug_str     0x000018df       0x78 obj\debug\gui\src\buttons_mapping.o
                                0x322 (size before relaxing)
 .debug_str     0x00001957       0x87 obj\debug\gui\src\calibration_params_form.o
                                0x340 (size before relaxing)
 .debug_str     0x000019de       0x76 obj\debug\gui\src\gui.o
                                0x354 (size before relaxing)
 .debug_str     0x00001a54       0x6e obj\debug\gui\src\lcd_params.o
                                0x317 (size before relaxing)
 .debug_str     0x00001ac2      0x1bc obj\debug\gui\src\menu_form.o
                                0x33e (size before relaxing)
 .debug_str     0x00001c7e       0x49 obj\debug\gui\src\reset_parameters_form.o
                                0x2e1 (size before relaxing)
 .debug_str     0x00001cc7       0x34 obj\debug\gui\src\save_parameters_form.o
                                0x2df (size before relaxing)
 .debug_str     0x00001cfb       0x66 obj\debug\gui\src\trimmer_form.o
                                0x30e (size before relaxing)
 .debug_str     0x00001d61      0x5e3 obj\debug\hal\src\stm32f1xx_hal.o
                                0x7a3 (size before relaxing)
 .debug_str     0x00002344      0x2ac obj\debug\hal\src\stm32f1xx_hal_cortex.o
                                0x934 (size before relaxing)
 .debug_str     0x000025f0      0x1a2 obj\debug\hal\src\stm32f1xx_hal_gpio.o
                                0x3c9 (size before relaxing)
 .debug_str     0x00002792      0x744 obj\debug\hal\src\stm32f1xx_hal_pcd.o
                                0x931 (size before relaxing)
 .debug_str     0x00002ed6       0x78 obj\debug\hal\src\stm32f1xx_hal_pcd_ex.o
                                0x4fe (size before relaxing)
 .debug_str     0x00002f4e      0x33f obj\debug\hal\src\stm32f1xx_hal_rcc.o
                                0x5ea (size before relaxing)
 .debug_str     0x0000328d      0x1d5 obj\debug\hal\src\stm32f1xx_hal_rcc_ex.o
                                0x489 (size before relaxing)
 .debug_str     0x00003462      0x595 obj\debug\hal\src\stm32f1xx_ll_usb.o
                                0xac9 (size before relaxing)
 .debug_str     0x000039f7      0x17b obj\debug\src\adc.o
                                0x97d (size before relaxing)
 .debug_str     0x00003b72       0x36 obj\debug\src\buttons.o
                                0x286 (size before relaxing)
 .debug_str     0x00003ba8       0xb8 obj\debug\src\encoder.o
                                0x314 (size before relaxing)
 .debug_str     0x00003c60       0x5a obj\debug\src\flash.o
                                0x206 (size before relaxing)
 .debug_str     0x00003cba      0x26b obj\debug\src\lcd.o
                                0x966 (size before relaxing)
 .debug_str     0x00003f25       0x35 obj\debug\src\main.o
                                0x625 (size before relaxing)
 .debug_str     0x00003f5a       0x78 obj\debug\src\ppmsig.o
                                0x7d7 (size before relaxing)
 .debug_str     0x00003fd2      0x3a1 obj\debug\src\usb_device.o
                                0x982 (size before relaxing)
 .debug_str     0x00004373      0x16c obj\debug\src\usbd_conf.o
                                0xf6a (size before relaxing)
 .debug_str     0x000044df      0x10b obj\debug\src\usbd_desc.o
                                0x38a (size before relaxing)
 .debug_str     0x000045ea      0x199 obj\debug\stm32_usb_device_library\class\hid\src\usbd_hid.o
                                0x6d6 (size before relaxing)
 .debug_str     0x00004783      0x19c obj\debug\stm32_usb_device_library\core\src\usbd_core.o
                                0x6de (size before relaxing)
 .debug_str     0x0000491f      0x114 obj\debug\stm32_usb_device_library\core\src\usbd_ctlreq.o
                                0x664 (size before relaxing)
 .debug_str     0x00004a33       0xb7 obj\debug\stm32_usb_device_library\core\src\usbd_ioreq.o
                                0x5ec (size before relaxing)

.comment        0x00000000       0x46
 .comment       0x00000000       0x46 obj\debug\~#\lib\freertosv8.2.3\freertos\source\list.o
                                 0x47 (size before relaxing)
 .comment       0x00000000       0x47 obj\debug\~#\lib\freertosv8.2.3\freertos\source\portable\gcc\arm_cm3\port.o
 .comment       0x00000000       0x47 obj\debug\~#\lib\freertosv8.2.3\freertos\source\portable\memmang\heap_5.o
 .comment       0x00000000       0x47 obj\debug\~#\lib\freertosv8.2.3\freertos\source\queue.o
 .comment       0x00000000       0x47 obj\debug\~#\lib\freertosv8.2.3\freertos\source\tasks.o
 .comment       0x00000000       0x47 obj\debug\~#\mylibs\mylib.o
 .comment       0x00000000       0x47 obj\debug\cmsis\src\system_stm32f1xx.o
 .comment       0x00000000       0x47 obj\debug\gui\src\adc_calibration_form.o
 .comment       0x00000000       0x47 obj\debug\gui\src\adc_data_form.o
 .comment       0x00000000       0x47 obj\debug\gui\src\buttons_mapping.o
 .comment       0x00000000       0x47 obj\debug\gui\src\calibration_params_form.o
 .comment       0x00000000       0x47 obj\debug\gui\src\gui.o
 .comment       0x00000000       0x47 obj\debug\gui\src\lcd_params.o
 .comment       0x00000000       0x47 obj\debug\gui\src\menu_form.o
 .comment       0x00000000       0x47 obj\debug\gui\src\reset_parameters_form.o
 .comment       0x00000000       0x47 obj\debug\gui\src\save_parameters_form.o
 .comment       0x00000000       0x47 obj\debug\gui\src\trimmer_form.o
 .comment       0x00000000       0x47 obj\debug\hal\src\stm32f1xx_hal.o
 .comment       0x00000000       0x47 obj\debug\hal\src\stm32f1xx_hal_cortex.o
 .comment       0x00000000       0x47 obj\debug\hal\src\stm32f1xx_hal_gpio.o
 .comment       0x00000000       0x47 obj\debug\hal\src\stm32f1xx_hal_pcd.o
 .comment       0x00000000       0x47 obj\debug\hal\src\stm32f1xx_hal_pcd_ex.o
 .comment       0x00000000       0x47 obj\debug\hal\src\stm32f1xx_hal_rcc.o
 .comment       0x00000000       0x47 obj\debug\hal\src\stm32f1xx_hal_rcc_ex.o
 .comment       0x00000000       0x47 obj\debug\hal\src\stm32f1xx_ll_usb.o
 .comment       0x00000000       0x47 obj\debug\src\adc.o
 .comment       0x00000000       0x47 obj\debug\src\buttons.o
 .comment       0x00000000       0x47 obj\debug\src\encoder.o
 .comment       0x00000000       0x47 obj\debug\src\flash.o
 .comment       0x00000000       0x47 obj\debug\src\lcd.o
 .comment       0x00000000       0x47 obj\debug\src\main.o
 .comment       0x00000000       0x47 obj\debug\src\ppmsig.o
 .comment       0x00000000       0x47 obj\debug\src\usb_device.o
 .comment       0x00000000       0x47 obj\debug\src\usbd_conf.o
 .comment       0x00000000       0x47 obj\debug\src\usbd_desc.o
 .comment       0x00000000       0x47 obj\debug\stm32_usb_device_library\class\hid\src\usbd_hid.o
 .comment       0x00000000       0x47 obj\debug\stm32_usb_device_library\core\src\usbd_core.o
 .comment       0x00000000       0x47 obj\debug\stm32_usb_device_library\core\src\usbd_ctlreq.o
 .comment       0x00000000       0x47 obj\debug\stm32_usb_device_library\core\src\usbd_ioreq.o

.debug_frame    0x00000000     0x3628
 .debug_frame   0x00000000       0x9c obj\debug\~#\lib\freertosv8.2.3\freertos\source\list.o
 .debug_frame   0x0000009c      0x150 obj\debug\~#\lib\freertosv8.2.3\freertos\source\portable\gcc\arm_cm3\port.o
 .debug_frame   0x000001ec       0xb8 obj\debug\~#\lib\freertosv8.2.3\freertos\source\portable\memmang\heap_5.o
 .debug_frame   0x000002a4      0x2f8 obj\debug\~#\lib\freertosv8.2.3\freertos\source\queue.o
 .debug_frame   0x0000059c      0x620 obj\debug\~#\lib\freertosv8.2.3\freertos\source\tasks.o
 .debug_frame   0x00000bbc       0x8c obj\debug\~#\mylibs\mylib.o
 .debug_frame   0x00000c48       0x44 obj\debug\cmsis\src\system_stm32f1xx.o
 .debug_frame   0x00000c8c       0x50 obj\debug\gui\src\adc_calibration_form.o
 .debug_frame   0x00000cdc       0x30 obj\debug\gui\src\adc_data_form.o
 .debug_frame   0x00000d0c       0x88 obj\debug\gui\src\buttons_mapping.o
 .debug_frame   0x00000d94       0x90 obj\debug\gui\src\calibration_params_form.o
 .debug_frame   0x00000e24       0x70 obj\debug\gui\src\gui.o
 .debug_frame   0x00000e94       0x90 obj\debug\gui\src\lcd_params.o
 .debug_frame   0x00000f24       0x6c obj\debug\gui\src\menu_form.o
 .debug_frame   0x00000f90       0x30 obj\debug\gui\src\reset_parameters_form.o
 .debug_frame   0x00000fc0       0x30 obj\debug\gui\src\save_parameters_form.o
 .debug_frame   0x00000ff0       0x70 obj\debug\gui\src\trimmer_form.o
 .debug_frame   0x00001060      0x1f4 obj\debug\hal\src\stm32f1xx_hal.o
 .debug_frame   0x00001254      0x35c obj\debug\hal\src\stm32f1xx_hal_cortex.o
 .debug_frame   0x000015b0       0xf4 obj\debug\hal\src\stm32f1xx_hal_gpio.o
 .debug_frame   0x000016a4      0x3f8 obj\debug\hal\src\stm32f1xx_hal_pcd.o
 .debug_frame   0x00001a9c       0x64 obj\debug\hal\src\stm32f1xx_hal_pcd_ex.o
 .debug_frame   0x00001b00      0x1b0 obj\debug\hal\src\stm32f1xx_hal_rcc.o
 .debug_frame   0x00001cb0       0xec obj\debug\hal\src\stm32f1xx_hal_rcc_ex.o
 .debug_frame   0x00001d9c      0x528 obj\debug\hal\src\stm32f1xx_ll_usb.o
 .debug_frame   0x000022c4      0x188 obj\debug\src\adc.o
 .debug_frame   0x0000244c       0x50 obj\debug\src\buttons.o
 .debug_frame   0x0000249c       0x68 obj\debug\src\encoder.o
 .debug_frame   0x00002504       0x9c obj\debug\src\flash.o
 .debug_frame   0x000025a0      0x2d0 obj\debug\src\lcd.o
 .debug_frame   0x00002870       0xcc obj\debug\src\main.o
 .debug_frame   0x0000293c       0xa8 obj\debug\src\ppmsig.o
 .debug_frame   0x000029e4       0x88 obj\debug\src\usb_device.o
 .debug_frame   0x00002a6c      0x3e0 obj\debug\src\usbd_conf.o
 .debug_frame   0x00002e4c       0xe8 obj\debug\src\usbd_desc.o
 .debug_frame   0x00002f34      0x100 obj\debug\stm32_usb_device_library\class\hid\src\usbd_hid.o
 .debug_frame   0x00003034      0x270 obj\debug\stm32_usb_device_library\core\src\usbd_core.o
 .debug_frame   0x000032a4      0x1c8 obj\debug\stm32_usb_device_library\core\src\usbd_ctlreq.o
 .debug_frame   0x0000346c       0xf0 obj\debug\stm32_usb_device_library\core\src\usbd_ioreq.o
 .debug_frame   0x0000355c       0x30 c:/skuksenk/tools/embitz_042/share/em_armgcc/bin/../lib/gcc/arm-none-eabi/4.8.4/../../../../arm-none-eabi/lib/armv7-m\libg.a(lib_a-atoi.o)
 .debug_frame   0x0000358c       0x2c c:/skuksenk/tools/embitz_042/share/em_armgcc/bin/../lib/gcc/arm-none-eabi/4.8.4/../../../../arm-none-eabi/lib/armv7-m\libg.a(lib_a-memset.o)
 .debug_frame   0x000035b8       0x20 c:/skuksenk/tools/embitz_042/share/em_armgcc/bin/../lib/gcc/arm-none-eabi/4.8.4/../../../../arm-none-eabi/lib/armv7-m\libg.a(lib_a-strlen.o)
 .debug_frame   0x000035d8       0x50 c:/skuksenk/tools/embitz_042/share/em_armgcc/bin/../lib/gcc/arm-none-eabi/4.8.4/../../../../arm-none-eabi/lib/armv7-m\libg.a(lib_a-strtol.o)

.debug_ranges   0x00000000       0x20
 .debug_ranges  0x00000000       0x20 obj\debug\src\startup_stm32f105xc.o
